Component: ARM Compiler 5.06 update 6 (build 750) Tool: armlink [4d35ed]

==============================================================================

Section Cross References

    startup_stm32f427xx.o(RESET) refers to startup_stm32f427xx.o(STACK) for __initial_sp
    startup_stm32f427xx.o(RESET) refers to startup_stm32f427xx.o(.text) for Reset_Handler
    startup_stm32f427xx.o(RESET) refers to stm32f4xx_it.o(i.NMI_Handler) for NMI_Handler
    startup_stm32f427xx.o(RESET) refers to stm32f4xx_it.o(i.HardFault_Handler) for HardFault_Handler
    startup_stm32f427xx.o(RESET) refers to stm32f4xx_it.o(i.MemManage_Handler) for MemManage_Handler
    startup_stm32f427xx.o(RESET) refers to stm32f4xx_it.o(i.BusFault_Handler) for BusFault_Handler
    startup_stm32f427xx.o(RESET) refers to stm32f4xx_it.o(i.UsageFault_Handler) for UsageFault_Handler
    startup_stm32f427xx.o(RESET) refers to port.o(.emb_text) for SVC_Handler
    startup_stm32f427xx.o(RESET) refers to stm32f4xx_it.o(i.DebugMon_Handler) for DebugMon_Handler
    startup_stm32f427xx.o(RESET) refers to stm32f4xx_it.o(i.SysTick_Handler) for SysTick_Handler
    startup_stm32f427xx.o(RESET) refers to stm32f4xx_it.o(i.RCC_IRQHandler) for RCC_IRQHandler
    startup_stm32f427xx.o(RESET) refers to stm32f4xx_it.o(i.CAN1_TX_IRQHandler) for CAN1_TX_IRQHandler
    startup_stm32f427xx.o(RESET) refers to stm32f4xx_it.o(i.CAN1_RX0_IRQHandler) for CAN1_RX0_IRQHandler
    startup_stm32f427xx.o(RESET) refers to stm32f4xx_it.o(i.TIM3_IRQHandler) for TIM3_IRQHandler
    startup_stm32f427xx.o(RESET) refers to stm32f4xx_it.o(i.DMA2_Stream1_IRQHandler) for DMA2_Stream1_IRQHandler
    startup_stm32f427xx.o(RESET) refers to stm32f4xx_it.o(i.USART6_IRQHandler) for USART6_IRQHandler
    startup_stm32f427xx.o(.text) refers to system_stm32f4xx.o(i.SystemInit) for SystemInit
    startup_stm32f427xx.o(.text) refers to entry.o(.ARM.Collect$$$$00000000) for __main
    main.o(i.HAL_TIM_PeriodElapsedCallback) refers to stm32f4xx_hal.o(i.HAL_IncTick) for HAL_IncTick
    main.o(i.SystemClock_Config) refers to stm32f4xx_hal_rcc.o(i.HAL_RCC_OscConfig) for HAL_RCC_OscConfig
    main.o(i.SystemClock_Config) refers to stm32f4xx_hal_rcc.o(i.HAL_RCC_ClockConfig) for HAL_RCC_ClockConfig
    main.o(i.SystemClock_Config) refers to stm32f4xx_hal_rcc.o(i.HAL_RCC_GetHCLKFreq) for HAL_RCC_GetHCLKFreq
    main.o(i.SystemClock_Config) refers to stm32f4xx_hal_cortex.o(i.HAL_SYSTICK_Config) for HAL_SYSTICK_Config
    main.o(i.SystemClock_Config) refers to stm32f4xx_hal_cortex.o(i.HAL_SYSTICK_CLKSourceConfig) for HAL_SYSTICK_CLKSourceConfig
    main.o(i.SystemClock_Config) refers to stm32f4xx_hal_cortex.o(i.HAL_NVIC_SetPriority) for HAL_NVIC_SetPriority
    main.o(i.main) refers to stm32f4xx_hal.o(i.HAL_Init) for HAL_Init
    main.o(i.main) refers to main.o(i.SystemClock_Config) for SystemClock_Config
    main.o(i.main) refers to gpio.o(i.MX_GPIO_Init) for MX_GPIO_Init
    main.o(i.main) refers to dma.o(i.MX_DMA_Init) for MX_DMA_Init
    main.o(i.main) refers to can.o(i.MX_CAN1_Init) for MX_CAN1_Init
    main.o(i.main) refers to usart.o(i.MX_USART6_UART_Init) for MX_USART6_UART_Init
    main.o(i.main) refers to can.o(i.ATS_CAN_Initialize) for ATS_CAN_Initialize
    main.o(i.main) refers to stm32f4xx_hal_uart.o(i.HAL_UART_Receive_DMA) for HAL_UART_Receive_DMA
    main.o(i.main) refers to freertos.o(i.MX_FREERTOS_Init) for MX_FREERTOS_Init
    main.o(i.main) refers to cmsis_os.o(i.osKernelStart) for osKernelStart
    main.o(i.main) refers to track.o(.data) for target_angular_velocity
    main.o(i.main) refers to usart.o(.bss) for huart6
    gpio.o(i.MX_GPIO_Init) refers to stm32f4xx_hal_gpio.o(i.HAL_GPIO_WritePin) for HAL_GPIO_WritePin
    gpio.o(i.MX_GPIO_Init) refers to stm32f4xx_hal_gpio.o(i.HAL_GPIO_Init) for HAL_GPIO_Init
    can.o(i.ATS_CAN_Initialize) refers to stm32f4xx_hal_can.o(i.HAL_CAN_Init) for HAL_CAN_Init
    can.o(i.ATS_CAN_Initialize) refers to main.o(i._Error_Handler) for _Error_Handler
    can.o(i.ATS_CAN_Initialize) refers to stm32f4xx_hal_can.o(i.HAL_CAN_ConfigFilter) for HAL_CAN_ConfigFilter
    can.o(i.ATS_CAN_Initialize) refers to stm32f4xx_hal_can.o(i.HAL_CAN_ActivateNotification) for HAL_CAN_ActivateNotification
    can.o(i.ATS_CAN_Initialize) refers to stm32f4xx_hal_can.o(i.HAL_CAN_Start) for HAL_CAN_Start
    can.o(i.ATS_CAN_Initialize) refers to can.o(.bss) for .bss
    can.o(i.ATS_CAN_SendMsg) refers to stm32f4xx_hal_can.o(i.HAL_CAN_AddTxMessage) for HAL_CAN_AddTxMessage
    can.o(i.HAL_CAN_MspDeInit) refers to stm32f4xx_hal_gpio.o(i.HAL_GPIO_DeInit) for HAL_GPIO_DeInit
    can.o(i.HAL_CAN_MspDeInit) refers to stm32f4xx_hal_cortex.o(i.HAL_NVIC_DisableIRQ) for HAL_NVIC_DisableIRQ
    can.o(i.HAL_CAN_MspInit) refers to stm32f4xx_hal_gpio.o(i.HAL_GPIO_Init) for HAL_GPIO_Init
    can.o(i.HAL_CAN_MspInit) refers to stm32f4xx_hal_cortex.o(i.HAL_NVIC_SetPriority) for HAL_NVIC_SetPriority
[...]
    ..\Drivers\STM32F4xx_HAL_Driver\Src\stm32f4xx_hal.c 0x00000000   Number         0  stm32f4xx_hal.o ABSOLUTE
    ..\Drivers\STM32F4xx_HAL_Driver\Src\stm32f4xx_hal_can.c 0x00000000   Number         0  stm32f4xx_hal_can.o ABSOLUTE
    ..\Drivers\STM32F4xx_HAL_Driver\Src\stm32f4xx_hal_cortex.c 0x00000000   Number         0  stm32f4xx_hal_cortex.o ABSOLUTE
    ..\Drivers\STM32F4xx_HAL_Driver\Src\stm32f4xx_hal_dma.c 0x00000000   Number         0  stm32f4xx_hal_dma.o ABSOLUTE
    ..\Drivers\STM32F4xx_HAL_Driver\Src\stm32f4xx_hal_dma_ex.c 0x00000000   Number         0  stm32f4xx_hal_dma_ex.o ABSOLUTE
    ..\Drivers\STM32F4xx_HAL_Driver\Src\stm32f4xx_hal_flash.c 0x00000000   Number         0  stm32f4xx_hal_flash.o ABSOLUTE
    ..\Drivers\STM32F4xx_HAL_Driver\Src\stm32f4xx_hal_flash_ex.c 0x00000000   Number         0  stm32f4xx_hal_flash_ex.o ABSOLUTE
    ..\Drivers\STM32F4xx_HAL_Driver\Src\stm32f4xx_hal_flash_ramfunc.c 0x00000000   Number         0  stm32f4xx_hal_flash_ramfunc.o ABSOLUTE
    ..\Drivers\STM32F4xx_HAL_Driver\Src\stm32f4xx_hal_gpio.c 0x00000000   Number         0  stm32f4xx_hal_gpio.o ABSOLUTE
    ..\Drivers\STM32F4xx_HAL_Driver\Src\stm32f4xx_hal_pwr.c 0x00000000   Number         0  stm32f4xx_hal_pwr.o ABSOLUTE
    ..\Drivers\STM32F4xx_HAL_Driver\Src\stm32f4xx_hal_pwr_ex.c 0x00000000   Number         0  stm32f4xx_hal_pwr_ex.o ABSOLUTE
    ..\Drivers\STM32F4xx_HAL_Driver\Src\stm32f4xx_hal_rcc.c 0x00000000   Number         0  stm32f4xx_hal_rcc.o ABSOLUTE
    ..\Drivers\STM32F4xx_HAL_Driver\Src\stm32f4xx_hal_rcc_ex.c 0x00000000   Number         0  stm32f4xx_hal_rcc_ex.o ABSOLUTE
    ..\Drivers\STM32F4xx_HAL_Driver\Src\stm32f4xx_hal_tim.c 0x00000000   Number         0  stm32f4xx_hal_tim.o ABSOLUTE
    ..\Drivers\STM32F4xx_HAL_Driver\Src\stm32f4xx_hal_tim_ex.c 0x00000000   Number         0  stm32f4xx_hal_tim_ex.o ABSOLUTE
    ..\Drivers\STM32F4xx_HAL_Driver\Src\stm32f4xx_hal_uart.c 0x00000000   Number         0  stm32f4xx_hal_uart.o ABSOLUTE
    ..\Lib\motor.c                           0x00000000   Number         0  motor.o ABSOLUTE
    ..\Lib\pid.c                             0x00000000   Number         0  pid.o ABSOLUTE
    ..\Middlewares\Third_Party\FreeRTOS\Source\CMSIS_RTOS\cmsis_os.c 0x00000000   Number         0  cmsis_os.o ABSOLUTE
    ..\Middlewares\Third_Party\FreeRTOS\Source\portable\RVDS\ARM_CM4F\port.c 0x00000000   Number         0  port.o ABSOLUTE
    ..\Src\can.c                             0x00000000   Number         0  can.o ABSOLUTE
    ..\Src\dma.c                             0x00000000   Number         0  dma.o ABSOLUTE
    ..\Src\freertos.c                        0x00000000   Number         0  freertos.o ABSOLUTE
    ..\Src\gpio.c                            0x00000000   Number         0  gpio.o ABSOLUTE
    ..\Src\main.c                            0x00000000   Number         0  main.o ABSOLUTE
    ..\Src\stm32f4xx_hal_msp.c               0x00000000   Number         0  stm32f4xx_hal_msp.o ABSOLUTE
    ..\Src\stm32f4xx_hal_timebase_TIM.c      0x00000000   Number         0  stm32f4xx_hal_timebase_tim.o ABSOLUTE
    ..\Src\stm32f4xx_it.c                    0x00000000   Number         0  stm32f4xx_it.o ABSOLUTE
    ..\Src\system_stm32f4xx.c                0x00000000   Number         0  system_stm32f4xx.o ABSOLUTE
    ..\Src\usart.c                           0x00000000   Number         0  usart.o ABSOLUTE
    ..\Tasks\track.c                         0x00000000   Number         0  track.o ABSOLUTE
    ..\\Comm\\comm_can.c                     0x00000000   Number         0  comm_can.o ABSOLUTE
    ..\\Lib\\motor.c                         0x00000000   Number         0  motor.o ABSOLUTE
    ..\\Tasks\\track.c                       0x00000000   Number         0  track.o ABSOLUTE
    dc.s                                     0x00000000   Number         0  dc.o ABSOLUTE
    handlers.s                               0x00000000   Number         0  handlers.o ABSOLUTE
    init.s                                   0x00000000   Number         0  init.o ABSOLUTE
    startup_stm32f427xx.s                    0x00000000   Number         0  startup_stm32f427xx.o ABSOLUTE
    RESET                                    0x08000000   Section      428  startup_stm32f427xx.o(RESET)
    .ARM.Collect$$$$00000000                 0x080001ac   Section        0  entry.o(.ARM.Collect$$$$00000000)
    .ARM.Collect$$$$00000001                 0x080001ac   Section        4  entry2.o(.ARM.Collect$$$$00000001)
    .ARM.Collect$$$$00000004                 0x080001b0   Section        4  entry5.o(.ARM.Collect$$$$00000004)
    .ARM.Collect$$$$00000008                 0x080001b4   Section        0  entry7b.o(.ARM.Collect$$$$00000008)
    .ARM.Collect$$$$0000000A                 0x080001b4   Section        0  entry8b.o(.ARM.Collect$$$$0000000A)
    .ARM.Collect$$$$0000000B                 0x080001b4   Section        8  entry9a.o(.ARM.Collect$$$$0000000B)
    .ARM.Collect$$$$0000000D                 0x080001bc   Section        0  entry10a.o(.ARM.Collect$$$$0000000D)
    .ARM.Collect$$$$0000000F                 0x080001bc   Section        0  entry11a.o(.ARM.Collect$$$$0000000F)
    .ARM.Collect$$$$00002712                 0x080001bc   Section        4  entry2.o(.ARM.Collect$$$$00002712)
    __lit__00000000                          0x080001bc   Data           4  entry2.o(.ARM.Collect$$$$00002712)
    .emb_text                                0x080001c0   Section      186  port.o(.emb_text)
    $v0                                      0x080001c0   Number         0  port.o(.emb_text)
    .text                                    0x0800027c   Section       36  startup_stm32f427xx.o(.text)
    $v0                                      0x0800027c   Number         0  startup_stm32f427xx.o(.text)
    .text                                    0x080002a0   Section        0  uldiv.o(.text)
    .text                                    0x08000302   Section        0  memcpya.o(.text)
    .text                                    0x08000326   Section        0  dmul.o(.text)
    .text                                    0x0800040a   Section        0  ddiv.o(.text)
    .text                                    0x080004e8   Section        0  dflti.o(.text)
    .text                                    0x0800050a   Section        0  dfixi.o(.text)
    .text                                    0x08000548   Section        0  d2f.o(.text)
    .text                                    0x08000580   Section        0  llshl.o(.text)
    .text                                    0x0800059e   Section        0  llushr.o(.text)
    .text                                    0x080005be   Section        0  fepilogue.o(.text)
    .text                                    0x080005be   Section        0  iusefp.o(.text)
    .text                                    0x0800062c   Section        0  depilogue.o(.text)
    .text                                    0x080006e8   Section       36  init.o(.text)
    i.ATS_CAN_Initialize                     0x0800070c   Section        0  can.o(i.ATS_CAN_Initialize)
    i.ATS_CAN_Task                           0x080007a8   Section        0  comm_can.o(i.ATS_CAN_Task)
    i.ATS_CREATE_CAN_Task                    0x080007f4   Section        0  comm_can.o(i.ATS_CREATE_CAN_Task)
    i.ATS_CREATE_NANOTXRX_Task               0x0800081c   Section        0  track.o(i.ATS_CREATE_NANOTXRX_Task)
    i.ATS_CREATE_TRACK_Task                  0x08000844   Section        0  track.o(i.ATS_CREATE_TRACK_Task)
    i.ATS_ENCODER_Read                       0x0800086c   Section        0  track.o(i.ATS_ENCODER_Read)
    i.ATS_NANOTXRX_Task                      0x080008a8   Section        0  track.o(i.ATS_NANOTXRX_Task)
    i.ATS_TRACK_Task                         0x080009bc   Section        0  track.o(i.ATS_TRACK_Task)
    i.ATS_TRANSMIT_Can                       0x08000a70   Section        0  track.o(i.ATS_TRANSMIT_Can)
    i.BusFault_Handler                       0x08000ab0   Section        0  stm32f4xx_it.o(i.BusFault_Handler)
    i.CAN1_RX0_IRQHandler                    0x08000ab4   Section        0  stm32f4xx_it.o(i.CAN1_RX0_IRQHandler)
    i.CAN1_TX_IRQHandler                     0x08000ac0   Section        0  stm32f4xx_it.o(i.CAN1_TX_IRQHandler)
    i.DMA2_Stream1_IRQHandler                0x08000acc   Section        0  stm32f4xx_it.o(i.DMA2_Stream1_IRQHandler)
    i.DMA_CalcBaseAndBitshift                0x08000ad8   Section        0  stm32f4xx_hal_dma.o(i.DMA_CalcBaseAndBitshift)
    DMA_CalcBaseAndBitshift                  0x08000ad9   Thumb Code    34  stm32f4xx_hal_dma.o(i.DMA_CalcBaseAndBitshift)
    i.DMA_CheckFifoParam                     0x08000b00   Section        0  stm32f4xx_hal_dma.o(i.DMA_CheckFifoParam)
    DMA_CheckFifoParam                       0x08000b01   Thumb Code    84  stm32f4xx_hal_dma.o(i.DMA_CheckFifoParam)
    i.DMA_SetConfig                          0x08000b54   Section        0  stm32f4xx_hal_dma.o(i.DMA_SetConfig)
    DMA_SetConfig                            0x08000b55   Thumb Code    40  stm32f4xx_hal_dma.o(i.DMA_SetConfig)
    i.DebugMon_Handler                       0x08000b7c   Section        0  stm32f4xx_it.o(i.DebugMon_Handler)
    i.HAL_CAN_ActivateNotification           0x08000b7e   Section        0  stm32f4xx_hal_can.o(i.HAL_CAN_ActivateNotification)
    i.HAL_CAN_AddTxMessage                   0x08000ba6   Section        0  stm32f4xx_hal_can.o(i.HAL_CAN_AddTxMessage)
    i.HAL_CAN_ConfigFilter                   0x08000c70   Section        0  stm32f4xx_hal_can.o(i.HAL_CAN_ConfigFilter)
    i.HAL_CAN_ErrorCallback                  0x08000d7c   Section        0  stm32f4xx_hal_can.o(i.HAL_CAN_ErrorCallback)
    i.HAL_CAN_GetRxFifoFillLevel             0x08000d7e   Section        0  stm32f4xx_hal_can.o(i.HAL_CAN_GetRxFifoFillLevel)
    i.HAL_CAN_GetRxMessage                   0x08000da2   Section        0  stm32f4xx_hal_can.o(i.HAL_CAN_GetRxMessage)
    i.HAL_CAN_IRQHandler                     0x08000e9c   Section        0  stm32f4xx_hal_can.o(i.HAL_CAN_IRQHandler)
    i.HAL_CAN_Init                           0x08001098   Section        0  stm32f4xx_hal_can.o(i.HAL_CAN_Init)
    i.HAL_CAN_MspInit                        0x080011b4   Section        0  can.o(i.HAL_CAN_MspInit)
    i.HAL_CAN_RxFifo0FullCallback            0x0800121c   Section        0  stm32f4xx_hal_can.o(i.HAL_CAN_RxFifo0FullCallback)
    i.HAL_CAN_RxFifo0MsgPendingCallback      0x0800121e   Section        0  stm32f4xx_hal_can.o(i.HAL_CAN_RxFifo0MsgPendingCallback)
    i.HAL_CAN_RxFifo1FullCallback            0x08001220   Section        0  stm32f4xx_hal_can.o(i.HAL_CAN_RxFifo1FullCallback)
    i.HAL_CAN_RxFifo1MsgPendingCallback      0x08001222   Section        0  stm32f4xx_hal_can.o(i.HAL_CAN_RxFifo1MsgPendingCallback)
    i.HAL_CAN_SleepCallback                  0x08001224   Section        0  stm32f4xx_hal_can.o(i.HAL_CAN_SleepCallback)
    i.HAL_CAN_Start                          0x08001228   Section        0  stm32f4xx_hal_can.o(i.HAL_CAN_Start)
    i.HAL_CAN_TxMailbox0AbortCallback        0x08001280   Section        0  stm32f4xx_hal_can.o(i.HAL_CAN_TxMailbox0AbortCallback)
    i.HAL_CAN_TxMailbox0CompleteCallback     0x08001282   Section        0  stm32f4xx_hal_can.o(i.HAL_CAN_TxMailbox0CompleteCallback)
    i.HAL_CAN_TxMailbox1AbortCallback        0x08001284   Section        0  stm32f4xx_hal_can.o(i.HAL_CAN_TxMailbox1AbortCallback)
    i.HAL_CAN_TxMailbox1CompleteCallback     0x08001286   Section        0  stm32f4xx_hal_can.o(i.HAL_CAN_TxMailbox1CompleteCallback)
    i.HAL_CAN_TxMailbox2AbortCallback        0x08001288   Section        0  stm32f4xx_hal_can.o(i.HAL_CAN_TxMailbox2AbortCallback)
    i.HAL_CAN_TxMailbox2CompleteCallback     0x0800128a   Section        0  stm32f4xx_hal_can.o(i.HAL_CAN_TxMailbox2CompleteCallback)
    i.HAL_CAN_WakeUpFromRxMsgCallback        0x0800128c   Section        0  stm32f4xx_hal_can.o(i.HAL_CAN_WakeUpFromRxMsgCallback)
    i.HAL_DMA_Abort_IT                       0x0800128e   Section        0  stm32f4xx_hal_dma.o(i.HAL_DMA_Abort_IT)
    i.HAL_DMA_IRQHandler                     0x080012b4   Section        0  stm32f4xx_hal_dma.o(i.HAL_DMA_IRQHandler)
    i.HAL_DMA_Init                           0x08001454   Section        0  stm32f4xx_hal_dma.o(i.HAL_DMA_Init)
    i.HAL_DMA_Start_IT                       0x08001528   Section        0  stm32f4xx_hal_dma.o(i.HAL_DMA_Start_IT)
    i.HAL_GPIO_Init                          0x080015a0   Section        0  stm32f4xx_hal_gpio.o(i.HAL_GPIO_Init)
    i.HAL_GPIO_WritePin                      0x0800176c   Section        0  stm32f4xx_hal_gpio.o(i.HAL_GPIO_WritePin)
    i.HAL_GetTick                            0x08001778   Section        0  stm32f4xx_hal.o(i.HAL_GetTick)
    i.HAL_IncTick                            0x08001784   Section        0  stm32f4xx_hal.o(i.HAL_IncTick)
    i.HAL_Init                               0x08001794   Section        0  stm32f4xx_hal.o(i.HAL_Init)
    i.HAL_InitTick                           0x080017c8   Section        0  stm32f4xx_hal_timebase_tim.o(i.HAL_InitTick)
    i.HAL_MspInit                            0x0800183c   Section        0  stm32f4xx_hal_msp.o(i.HAL_MspInit)
    i.HAL_NVIC_EnableIRQ                     0x080018d0   Section        0  stm32f4xx_hal_cortex.o(i.HAL_NVIC_EnableIRQ)
    i.HAL_NVIC_SetPriority                   0x080018e8   Section        0  stm32f4xx_hal_cortex.o(i.HAL_NVIC_SetPriority)
    i.HAL_NVIC_SetPriorityGrouping           0x08001928   Section        0  stm32f4xx_hal_cortex.o(i.HAL_NVIC_SetPriorityGrouping)
    i.HAL_RCC_ClockConfig                    0x0800194c   Section        0  stm32f4xx_hal_rcc.o(i.HAL_RCC_ClockConfig)
    i.HAL_RCC_GetClockConfig                 0x08001a7c   Section        0  stm32f4xx_hal_rcc.o(i.HAL_RCC_GetClockConfig)
    i.HAL_RCC_GetHCLKFreq                    0x08001abc   Section        0  stm32f4xx_hal_rcc.o(i.HAL_RCC_GetHCLKFreq)
    i.HAL_RCC_GetPCLK1Freq                   0x08001ac8   Section        0  stm32f4xx_hal_rcc.o(i.HAL_RCC_GetPCLK1Freq)
    i.HAL_RCC_GetPCLK2Freq                   0x08001ae8   Section        0  stm32f4xx_hal_rcc.o(i.HAL_RCC_GetPCLK2Freq)
    i.HAL_RCC_GetSysClockFreq                0x08001b08   Section        0  stm32f4xx_hal_rcc.o(i.HAL_RCC_GetSysClockFreq)
    i.HAL_RCC_OscConfig                      0x08001b6c   Section        0  stm32f4xx_hal_rcc.o(i.HAL_RCC_OscConfig)
    i.HAL_SYSTICK_CLKSourceConfig            0x08001e88   Section        0  stm32f4xx_hal_cortex.o(i.HAL_SYSTICK_CLKSourceConfig)
    i.HAL_SYSTICK_Config                     0x08001ea0   Section        0  stm32f4xx_hal_cortex.o(i.HAL_SYSTICK_Config)
    i.HAL_TIMEx_BreakCallback                0x08001ec8   Section        0  stm32f4xx_hal_tim_ex.o(i.HAL_TIMEx_BreakCallback)
    i.HAL_TIMEx_CommutationCallback          0x08001eca   Section        0  stm32f4xx_hal_tim_ex.o(i.HAL_TIMEx_CommutationCallback)
    i.HAL_TIM_Base_Init                      0x08001ecc   Section        0  stm32f4xx_hal_tim.o(i.HAL_TIM_Base_Init)
    i.HAL_TIM_Base_MspInit                   0x08001f02   Section        0  stm32f4xx_hal_tim.o(i.HAL_TIM_Base_MspInit)
    i.HAL_TIM_Base_Start_IT                  0x08001f04   Section        0  stm32f4xx_hal_tim.o(i.HAL_TIM_Base_Start_IT)
    i.HAL_TIM_IC_CaptureCallback             0x08001f1c   Section        0  stm32f4xx_hal_tim.o(i.HAL_TIM_IC_CaptureCallback)
    i.HAL_TIM_IRQHandler                     0x08001f1e   Section        0  stm32f4xx_hal_tim.o(i.HAL_TIM_IRQHandler)
    i.HAL_TIM_OC_DelayElapsedCallback        0x08002084   Section        0  stm32f4xx_hal_tim.o(i.HAL_TIM_OC_DelayElapsedCallback)
    i.HAL_TIM_PWM_PulseFinishedCallback      0x08002086   Section        0  stm32f4xx_hal_tim.o(i.HAL_TIM_PWM_PulseFinishedCallback)
    i.HAL_TIM_PeriodElapsedCallback          0x08002088   Section        0  main.o(i.HAL_TIM_PeriodElapsedCallback)
    i.HAL_TIM_TriggerCallback                0x0800209c   Section        0  stm32f4xx_hal_tim.o(i.HAL_TIM_TriggerCallback)
    i.HAL_UART_ErrorCallback                 0x0800209e   Section        0  stm32f4xx_hal_uart.o(i.HAL_UART_ErrorCallback)
    i.HAL_UART_IRQHandler                    0x080020a0   Section        0  stm32f4xx_hal_uart.o(i.HAL_UART_IRQHandler)
    i.HAL_UART_Init                          0x080021b0   Section        0  stm32f4xx_hal_uart.o(i.HAL_UART_Init)
    i.HAL_UART_MspInit                       0x08002214   Section        0  usart.o(i.HAL_UART_MspInit)
    i.HAL_UART_Receive_DMA                   0x080022c0   Section        0  stm32f4xx_hal_uart.o(i.HAL_UART_Receive_DMA)
    i.HAL_UART_RxCpltCallback                0x08002358   Section        0  track.o(i.HAL_UART_RxCpltCallback)
    i.HAL_UART_RxHalfCpltCallback            0x08002364   Section        0  stm32f4xx_hal_uart.o(i.HAL_UART_RxHalfCpltCallback)
    i.HAL_UART_Transmit                      0x08002366   Section        0  stm32f4xx_hal_uart.o(i.HAL_UART_Transmit)
    i.HAL_UART_TxCpltCallback                0x08002420   Section        0  stm32f4xx_hal_uart.o(i.HAL_UART_TxCpltCallback)
    i.HardFault_Handler                      0x08002422   Section        0  stm32f4xx_it.o(i.HardFault_Handler)
    i.MX_CAN1_Init                           0x08002424   Section        0  can.o(i.MX_CAN1_Init)
    i.MX_DMA_Init                            0x0800247c   Section        0  dma.o(i.MX_DMA_Init)
    i.MX_FREERTOS_Init                       0x080024a8   Section        0  freertos.o(i.MX_FREERTOS_Init)
    i.MX_GPIO_Init                           0x080024dc   Section        0  gpio.o(i.MX_GPIO_Init)
    i.MX_USART6_UART_Init                    0x080025cc   Section        0  usart.o(i.MX_USART6_UART_Init)
    i.MemManage_Handler                      0x08002618   Section        0  stm32f4xx_it.o(i.MemManage_Handler)
    i.NMI_Handler                            0x0800261a   Section        0  stm32f4xx_it.o(i.NMI_Handler)
    i.NVIC_SetPriority                       0x0800261c   Section        0  stm32f4xx_hal_cortex.o(i.NVIC_SetPriority)
    NVIC_SetPriority                         0x0800261d   Thumb Code    32  stm32f4xx_hal_cortex.o(i.NVIC_SetPriority)
    i.PID_CALC                               0x0800263c   Section        0  pid.o(i.PID_CALC)
    i.RCC_IRQHandler                         0x08002672   Section        0  stm32f4xx_it.o(i.RCC_IRQHandler)
    i.StartDefaultTask                       0x08002674   Section        0  freertos.o(i.StartDefaultTask)
    i.SysTick_Handler                        0x0800267c   Section        0  stm32f4xx_it.o(i.SysTick_Handler)
    i.SystemClock_Config                     0x08002680   Section        0  main.o(i.SystemClock_Config)
    i.SystemInit                             0x08002720   Section        0  system_stm32f4xx.o(i.SystemInit)
    i.TIM3_IRQHandler                        0x08002774   Section        0  stm32f4xx_it.o(i.TIM3_IRQHandler)
    i.TIM_Base_SetConfig                     0x08002780   Section        0  stm32f4xx_hal_tim.o(i.TIM_Base_SetConfig)
    i.UART_DMAAbortOnError                   0x08002840   Section        0  stm32f4xx_hal_uart.o(i.UART_DMAAbortOnError)
    UART_DMAAbortOnError                     0x08002841   Thumb Code    16  stm32f4xx_hal_uart.o(i.UART_DMAAbortOnError)
    i.UART_DMAError                          0x08002850   Section        0  stm32f4xx_hal_uart.o(i.UART_DMAError)
    UART_DMAError                            0x08002851   Thumb Code    74  stm32f4xx_hal_uart.o(i.UART_DMAError)
    i.UART_DMAReceiveCplt                    0x0800289a   Section        0  stm32f4xx_hal_uart.o(i.UART_DMAReceiveCplt)
    UART_DMAReceiveCplt                      0x0800289b   Thumb Code    60  stm32f4xx_hal_uart.o(i.UART_DMAReceiveCplt)
    i.UART_DMARxHalfCplt                     0x080028d6   Section        0  stm32f4xx_hal_uart.o(i.UART_DMARxHalfCplt)
    UART_DMARxHalfCplt                       0x080028d7   Thumb Code    10  stm32f4xx_hal_uart.o(i.UART_DMARxHalfCplt)
    i.UART_EndRxTransfer                     0x080028e0   Section        0  stm32f4xx_hal_uart.o(i.UART_EndRxTransfer)
    UART_EndRxTransfer                       0x080028e1   Thumb Code    28  stm32f4xx_hal_uart.o(i.UART_EndRxTransfer)
    i.UART_EndTxTransfer                     0x080028fc   Section        0  stm32f4xx_hal_uart.o(i.UART_EndTxTransfer)
    UART_EndTxTransfer                       0x080028fd   Thumb Code    18  stm32f4xx_hal_uart.o(i.UART_EndTxTransfer)
    i.UART_Receive_IT                        0x0800290e   Section        0  stm32f4xx_hal_uart.o(i.UART_Receive_IT)
    UART_Receive_IT                          0x0800290f   Thumb Code   140  stm32f4xx_hal_uart.o(i.UART_Receive_IT)
    i.UART_SetConfig                         0x0800299c   Section        0  stm32f4xx_hal_uart.o(i.UART_SetConfig)
    UART_SetConfig                           0x0800299d   Thumb Code   676  stm32f4xx_hal_uart.o(i.UART_SetConfig)
    i.UART_Transmit_IT                       0x08002c48   Section        0  stm32f4xx_hal_uart.o(i.UART_Transmit_IT)
    UART_Transmit_IT                         0x08002c49   Thumb Code    98  stm32f4xx_hal_uart.o(i.UART_Transmit_IT)
    i.UART_WaitOnFlagUntilTimeout            0x08002caa   Section        0  stm32f4xx_hal_uart.o(i.UART_WaitOnFlagUntilTimeout)
    UART_WaitOnFlagUntilTimeout              0x08002cab   Thumb Code   100  stm32f4xx_hal_uart.o(i.UART_WaitOnFlagUntilTimeout)
    i.USART6_IRQHandler                      0x08002d10   Section        0  stm32f4xx_it.o(i.USART6_IRQHandler)
    i.UsageFault_Handler                     0x08002d1c   Section        0  stm32f4xx_it.o(i.UsageFault_Handler)
    i._Error_Handler                         0x08002d1e   Section        0  main.o(i._Error_Handler)
    i.__scatterload_copy                     0x08002d20   Section       14  handlers.o(i.__scatterload_copy)
    i.__scatterload_null                     0x08002d2e   Section        2  handlers.o(i.__scatterload_null)
    i.__scatterload_zeroinit                 0x08002d30   Section       14  handlers.o(i.__scatterload_zeroinit)
    i.get_encoder_data                       0x08002d40   Section        0  motor.o(i.get_encoder_data)
    i.inHandlerMode                          0x08002dd8   Section        0  cmsis_os.o(i.inHandlerMode)
    inHandlerMode                            0x08002dd9   Thumb Code    12  cmsis_os.o(i.inHandlerMode)
    i.main                                   0x08002de4   Section        0  main.o(i.main)
    i.makeFreeRtosPriority                   0x08002e1c   Section        0  cmsis_os.o(i.makeFreeRtosPriority)
    makeFreeRtosPriority                     0x08002e1d   Thumb Code    12  cmsis_os.o(i.makeFreeRtosPriority)
    i.osDelay                                0x08002e28   Section        0  cmsis_os.o(i.osDelay)
    i.osDelayUntil                           0x08002e36   Section        0  cmsis_os.o(i.osDelayUntil)
    i.osKernelStart                          0x08002e3a   Section        0  cmsis_os.o(i.osKernelStart)
    i.osKernelSysTick                        0x08002e44   Section        0  cmsis_os.o(i.osKernelSysTick)
    i.osSystickHandler                       0x08002e5c   Section        0  cmsis_os.o(i.osSystickHandler)
    i.osThreadCreate                         0x08002e70   Section        0  cmsis_os.o(i.osThreadCreate)
    i.prvAddCurrentTaskToDelayedList         0x08002ea0   Section        0  tasks.o(i.prvAddCurrentTaskToDelayedList)
    prvAddCurrentTaskToDelayedList           0x08002ea1   Thumb Code   102  tasks.o(i.prvAddCurrentTaskToDelayedList)
    i.prvAddNewTaskToReadyList               0x08002f10   Section        0  tasks.o(i.prvAddNewTaskToReadyList)
    prvAddNewTaskToReadyList                 0x08002f11   Thumb Code   194  tasks.o(i.prvAddNewTaskToReadyList)
    i.prvCheckTasksWaitingTermination        0x08002fe0   Section        0  tasks.o(i.prvCheckTasksWaitingTermination)
    prvCheckTasksWaitingTermination          0x08002fe1   Thumb Code    70  tasks.o(i.prvCheckTasksWaitingTermination)
    i.prvDeleteTCB                           0x08003030   Section        0  tasks.o(i.prvDeleteTCB)
    prvDeleteTCB                             0x08003031   Thumb Code    20  tasks.o(i.prvDeleteTCB)
    i.prvHeapInit                            0x08003044   Section        0  heap_4.o(i.prvHeapInit)
    prvHeapInit                              0x08003045   Thumb Code    66  heap_4.o(i.prvHeapInit)
    i.prvIdleTask                            0x08003090   Section        0  tasks.o(i.prvIdleTask)
    prvIdleTask                              0x08003091   Thumb Code    30  tasks.o(i.prvIdleTask)
    i.prvInitialiseNewTask                   0x080030b8   Section        0  tasks.o(i.prvInitialiseNewTask)
    prvInitialiseNewTask                     0x080030b9   Thumb Code   142  tasks.o(i.prvInitialiseNewTask)
    i.prvInsertBlockIntoFreeList             0x08003148   Section        0  heap_4.o(i.prvInsertBlockIntoFreeList)
    prvInsertBlockIntoFreeList               0x08003149   Thumb Code    72  heap_4.o(i.prvInsertBlockIntoFreeList)
    i.prvResetNextTaskUnblockTime            0x08003194   Section        0  tasks.o(i.prvResetNextTaskUnblockTime)
    prvResetNextTaskUnblockTime              0x08003195   Thumb Code    26  tasks.o(i.prvResetNextTaskUnblockTime)
    i.prvTaskExitError                       0x080031b4   Section        0  port.o(i.prvTaskExitError)
    prvTaskExitError                         0x080031b5   Thumb Code    36  port.o(i.prvTaskExitError)
    i.pvPortMalloc                           0x080031dc   Section        0  heap_4.o(i.pvPortMalloc)
    i.pxPortInitialiseStack                  0x080032b4   Section        0  port.o(i.pxPortInitialiseStack)
    i.uxListRemove                           0x080032e0   Section        0  list.o(i.uxListRemove)
    i.vListInitialise                        0x08003304   Section        0  list.o(i.vListInitialise)
    i.vListInitialiseItem                    0x0800331a   Section        0  list.o(i.vListInitialiseItem)
    i.vListInsert                            0x08003320   Section        0  list.o(i.vListInsert)
    i.vListInsertEnd                         0x08003350   Section        0  list.o(i.vListInsertEnd)
    i.vPortEnterCritical                     0x08003368   Section        0  port.o(i.vPortEnterCritical)
    i.vPortExitCritical                      0x080033a8   Section        0  port.o(i.vPortExitCritical)
    i.vPortFree                              0x080033d0   Section        0  heap_4.o(i.vPortFree)
    i.vPortSetupTimerInterrupt               0x0800342c   Section        0  port.o(i.vPortSetupTimerInterrupt)
    i.vPortValidateInterruptPriority         0x0800344c   Section        0  port.o(i.vPortValidateInterruptPriority)
    i.vTaskDelay                             0x080034a0   Section        0  tasks.o(i.vTaskDelay)
    i.vTaskStartScheduler                    0x080034ec   Section        0  tasks.o(i.vTaskStartScheduler)
    i.vTaskSuspendAll                        0x08003554   Section        0  tasks.o(i.vTaskSuspendAll)
    i.vTaskSwitchContext                     0x08003564   Section        0  tasks.o(i.vTaskSwitchContext)
    i.xPortStartScheduler                    0x080035c0   Section        0  port.o(i.xPortStartScheduler)
    i.xPortSysTickHandler                    0x080036a0   Section        0  port.o(i.xPortSysTickHandler)
    i.xTaskCreate                            0x080036cc   Section        0  tasks.o(i.xTaskCreate)
    i.xTaskGetSchedulerState                 0x08003724   Section        0  tasks.o(i.xTaskGetSchedulerState)
    i.xTaskGetTickCount                      0x08003740   Section        0  tasks.o(i.xTaskGetTickCount)
    i.xTaskGetTickCountFromISR               0x0800374c   Section        0  tasks.o(i.xTaskGetTickCountFromISR)
    i.xTaskIncrementTick                     0x0800375c   Section        0  tasks.o(i.xTaskIncrementTick)
    i.xTaskResumeAll                         0x08003824   Section        0  tasks.o(i.xTaskResumeAll)
    .constdata                               0x080038e8   Section       20  freertos.o(.constdata)
    .constdata                               0x080038fc   Section        8  stm32f4xx_hal_dma.o(.constdata)
    flagBitshiftOffset                       0x080038fc   Data           8  stm32f4xx_hal_dma.o(.constdata)
    .constdata                               0x08003904   Section       16  system_stm32f4xx.o(.constdata)
    .constdata                               0x08003914   Section        8  system_stm32f4xx.o(.constdata)
    .constdata                               0x0800391c   Section       40  track.o(.constdata)
    .constdata                               0x08003944   Section       20  comm_can.o(.constdata)
    .conststring                             0x08003958   Section       12  freertos.o(.conststring)
    .conststring                             0x08003964   Section       32  track.o(.conststring)
    .conststring                             0x08003984   Section       11  comm_can.o(.conststring)
    .data                                    0x20000000   Section        4  freertos.o(.data)
    .data                                    0x20000004   Section       12  stm32f4xx_hal.o(.data)
    .data                                    0x20000010   Section        4  system_stm32f4xx.o(.data)
    .data                                    0x20000014   Section       24  heap_4.o(.data)
    pxEnd                                    0x20000014   Data           4  heap_4.o(.data)
    xFreeBytesRemaining                      0x20000018   Data           4  heap_4.o(.data)
    xMinimumEverFreeBytesRemaining           0x2000001c   Data           4  heap_4.o(.data)
    xBlockAllocatedBit                       0x20000020   Data           4  heap_4.o(.data)
    xStart                                   0x20000024   Data           8  heap_4.o(.data)
    .data                                    0x2000002c   Section       12  port.o(.data)
    ucMaxSysCallPriority                     0x2000002c   Data           1  port.o(.data)
    uxCriticalNesting                        0x20000030   Data           4  port.o(.data)
    ulMaxPRIGROUPValue                       0x20000034   Data           4  port.o(.data)
    .data                                    0x20000038   Section       60  tasks.o(.data)
    uxDeletedTasksWaitingCleanUp             0x2000003c   Data           4  tasks.o(.data)
    uxCurrentNumberOfTasks                   0x20000040   Data           4  tasks.o(.data)
    xTickCount                               0x20000044   Data           4  tasks.o(.data)
    uxTopReadyPriority                       0x20000048   Data           4  tasks.o(.data)
    xSchedulerRunning                        0x2000004c   Data           4  tasks.o(.data)
    uxPendedTicks                            0x20000050   Data           4  tasks.o(.data)
    xYieldPending                            0x20000054   Data           4  tasks.o(.data)
    xNumOfOverflows                          0x20000058   Data           4  tasks.o(.data)
    uxTaskNumber                             0x2000005c   Data           4  tasks.o(.data)
    xNextTaskUnblockTime                     0x20000060   Data           4  tasks.o(.data)
    xIdleTaskHandle                          0x20000064   Data           4  tasks.o(.data)
    uxSchedulerSuspended                     0x20000068   Data           4  tasks.o(.data)
    pxDelayedTaskList                        0x2000006c   Data           4  tasks.o(.data)
    pxOverflowDelayedTaskList                0x20000070   Data           4  tasks.o(.data)
    .data                                    0x20000074   Section       88  track.o(.data)
    .data                                    0x200000cc   Section       16  comm_can.o(.data)
    .bss                                     0x200000dc   Section      128  can.o(.bss)
    .bss                                     0x2000015c   Section      160  usart.o(.bss)
    .bss                                     0x200001fc   Section       60  stm32f4xx_hal_timebase_tim.o(.bss)
    .bss                                     0x20000238   Section    15360  heap_4.o(.bss)
    ucHeap                                   0x20000238   Data       15360  heap_4.o(.bss)
    .bss                                     0x20003e38   Section      240  tasks.o(.bss)
    pxReadyTasksLists                        0x20003e38   Data         140  tasks.o(.bss)
    xDelayedTaskList1                        0x20003ec4   Data          20  tasks.o(.bss)
    xDelayedTaskList2                        0x20003ed8   Data          20  tasks.o(.bss)
    xPendingReadyList                        0x20003eec   Data          20  tasks.o(.bss)
    xTasksWaitingTermination                 0x20003f00   Data          20  tasks.o(.bss)
    xSuspendedTaskList                       0x20003f14   Data          20  tasks.o(.bss)
    .bss                                     0x20003f28   Section       80  track.o(.bss)
    .bss                                     0x20003f78   Section       28  comm_can.o(.bss)
    STACK                                    0x20003f98   Section     1024  startup_stm32f427xx.o(STACK)

    Global Symbols

    Symbol Name                              Value     Ov Type        Size  Object(Section)

    BuildAttributes$$THM_ISAv4$E$P$D$K$B$S$7EM$VFPi3$EXTD16$VFPS$VFMA$PE$A:L22UL41UL21$X:L11$S22US41US21$IEEE1$IW$USESV6$~STKCKD$USESV7$~SHL$OTIME$ROPI$EBA8$MICROLIB$REQ8$PRES8$EABIv2 0x00000000   Number         0  anon$$obj.o ABSOLUTE
    __ARM_use_no_argv                        0x00000000   Number         0  main.o ABSOLUTE
    __cpp_initialize__aeabi_                  - Undefined Weak Reference
    __cxa_finalize                            - Undefined Weak Reference
    __decompress                              - Undefined Weak Reference
    _clock_init                               - Undefined Weak Reference
    _microlib_exit                            - Undefined Weak Reference
    __Vectors_Size                           0x000001ac   Number         0  startup_stm32f427xx.o ABSOLUTE
    __Vectors                                0x08000000   Data           4  startup_stm32f427xx.o(RESET)
    __Vectors_End                            0x080001ac   Data           0  startup_stm32f427xx.o(RESET)
    __main                                   0x080001ad   Thumb Code     0  entry.o(.ARM.Collect$$$$00000000)
    _main_stk                                0x080001ad   Thumb Code     0  entry2.o(.ARM.Collect$$$$00000001)
    _main_scatterload                        0x080001b1   Thumb Code     0  entry5.o(.ARM.Collect$$$$00000004)
    __main_after_scatterload                 0x080001b5   Thumb Code     0  entry5.o(.ARM.Collect$$$$00000004)
    _main_clock                              0x080001b5   Thumb Code     0  entry7b.o(.ARM.Collect$$$$00000008)
    _main_cpp_init                           0x080001b5   Thumb Code     0  entry8b.o(.ARM.Collect$$$$0000000A)
    _main_init                               0x080001b5   Thumb Code     0  entry9a.o(.ARM.Collect$$$$0000000B)
    __rt_final_cpp                           0x080001bd   Thumb Code     0  entry10a.o(.ARM.Collect$$$$0000000D)
    __rt_final_exit                          0x080001bd   Thumb Code     0  entry11a.o(.ARM.Collect$$$$0000000F)
    SVC_Handler                              0x080001c1   Thumb Code    28  port.o(.emb_text)
    __asm___6_port_c_39a90d8d__prvStartFirstTask 0x080001e1   Thumb Code    28  port.o(.emb_text)
    __asm___6_port_c_39a90d8d__prvEnableVFP  0x08000201   Thumb Code    16  port.o(.emb_text)
    PendSV_Handler                           0x08000215   Thumb Code    92  port.o(.emb_text)
    vPortGetIPSR                             0x08000275   Thumb Code     6  port.o(.emb_text)
    Reset_Handler                            0x0800027d   Thumb Code     8  startup_stm32f427xx.o(.text)
    ADC_IRQHandler                           0x08000297   Thumb Code     0  startup_stm32f427xx.o(.text)
    CAN1_RX1_IRQHandler                      0x08000297   Thumb Code     0  startup_stm32f427xx.o(.text)
    CAN1_SCE_IRQHandler                      0x08000297   Thumb Code     0  startup_stm32f427xx.o(.text)
    CAN2_RX0_IRQHandler                      0x08000297   Thumb Code     0  startup_stm32f427xx.o(.text)
    CAN2_RX1_IRQHandler                      0x08000297   Thumb Code     0  startup_stm32f427xx.o(.text)
    CAN2_SCE_IRQHandler                      0x08000297   Thumb Code     0  startup_stm32f427xx.o(.text)
    CAN2_TX_IRQHandler                       0x08000297   Thumb Code     0  startup_stm32f427xx.o(.text)
    DCMI_IRQHandler                          0x08000297   Thumb Code     0  startup_stm32f427xx.o(.text)
    DMA1_Stream0_IRQHandler                  0x08000297   Thumb Code     0  startup_stm32f427xx.o(.text)
    DMA1_Stream1_IRQHandler                  0x08000297   Thumb Code     0  startup_stm32f427xx.o(.text)
    DMA1_Stream2_IRQHandler                  0x08000297   Thumb Code     0  startup_stm32f427xx.o(.text)
    DMA1_Stream3_IRQHandler                  0x08000297   Thumb Code     0  startup_stm32f427xx.o(.text)
    DMA1_Stream4_IRQHandler                  0x08000297   Thumb Code     0  startup_stm32f427xx.o(.text)
    DMA1_Stream5_IRQHandler                  0x08000297   Thumb Code     0  startup_stm32f427xx.o(.text)
    DMA1_Stream6_IRQHandler                  0x08000297   Thumb Code     0  startup_stm32f427xx.o(.text)
    DMA1_Stream7_IRQHandler                  0x08000297   Thumb Code     0  startup_stm32f427xx.o(.text)
    DMA2D_IRQHandler                         0x08000297   Thumb Code     0  startup_stm32f427xx.o(.text)
    DMA2_Stream0_IRQHandler                  0x08000297   Thumb Code     0  startup_stm32f427xx.o(.text)
    DMA2_Stream2_IRQHandler                  0x08000297   Thumb Code     0  startup_stm32f427xx.o(.text)
    DMA2_Stream3_IRQHandler                  0x08000297   Thumb Code     0  startup_stm32f427xx.o(.text)
    DMA2_Stream4_IRQHandler                  0x08000297   Thumb Code     0  startup_stm32f427xx.o(.text)
    DMA2_Stream5_IRQHandler                  0x08000297   Thumb Code     0  startup_stm32f427xx.o(.text)
    DMA2_Stream6_IRQHandler                  0x08000297   Thumb Code     0  startup_stm32f427xx.o(.text)
    DMA2_Stream7_IRQHandler                  0x08000297   Thumb Code     0  startup_stm32f427xx.o(.text)
    ETH_IRQHandler                           0x08000297   Thumb Code     0  startup_stm32f427xx.o(.text)
    ETH_WKUP_IRQHandler                      0x08000297   Thumb Code     0  startup_stm32f427xx.o(.text)
    EXTI0_IRQHandler                         0x08000297   Thumb Code     0  startup_stm32f427xx.o(.text)
    EXTI15_10_IRQHandler                     0x08000297   Thumb Code     0  startup_stm32f427xx.o(.text)
    EXTI1_IRQHandler                         0x08000297   Thumb Code     0  startup_stm32f427xx.o(.text)
    EXTI2_IRQHandler                         0x08000297   Thumb Code     0  startup_stm32f427xx.o(.text)
    EXTI3_IRQHandler                         0x08000297   Thumb Code     0  startup_stm32f427xx.o(.text)
    EXTI4_IRQHandler                         0x08000297   Thumb Code     0  startup_stm32f427xx.o(.text)
    EXTI9_5_IRQHandler                       0x08000297   Thumb Code     0  startup_stm32f427xx.o(.text)
    FLASH_IRQHandler                         0x08000297   Thumb Code     0  startup_stm32f427xx.o(.text)
    FMC_IRQHandler                           0x08000297   Thumb Code     0  startup_stm32f427xx.o(.text)
    FPU_IRQHandler                           0x08000297   Thumb Code     0  startup_stm32f427xx.o(.text)
    HASH_RNG_IRQHandler                      0x08000297   Thumb Code     0  startup_stm32f427xx.o(.text)
    I2C1_ER_IRQHandler                       0x08000297   Thumb Code     0  startup_stm32f427xx.o(.text)
    I2C1_EV_IRQHandler                       0x08000297   Thumb Code     0  startup_stm32f427xx.o(.text)
    I2C2_ER_IRQHandler                       0x08000297   Thumb Code     0  startup_stm32f427xx.o(.text)
    I2C2_EV_IRQHandler                       0x08000297   Thumb Code     0  startup_stm32f427xx.o(.text)
    I2C3_ER_IRQHandler                       0x08000297   Thumb Code     0  startup_stm32f427xx.o(.text)
    I2C3_EV_IRQHandler                       0x08000297   Thumb Code     0  startup_stm32f427xx.o(.text)
    OTG_FS_IRQHandler                        0x08000297   Thumb Code     0  startup_stm32f427xx.o(.text)
    OTG_FS_WKUP_IRQHandler                   0x08000297   Thumb Code     0  startup_stm32f427xx.o(.text)
    OTG_HS_EP1_IN_IRQHandler                 0x08000297   Thumb Code     0  startup_stm32f427xx.o(.text)
    OTG_HS_EP1_OUT_IRQHandler                0x08000297   Thumb Code     0  startup_stm32f427xx.o(.text)
    OTG_HS_IRQHandler                        0x08000297   Thumb Code     0  startup_stm32f427xx.o(.text)
    OTG_HS_WKUP_IRQHandler                   0x08000297   Thumb Code     0  startup_stm32f427xx.o(.text)
    PVD_IRQHandler                           0x08000297   Thumb Code     0  startup_stm32f427xx.o(.text)
    RTC_Alarm_IRQHandler                     0x08000297   Thumb Code     0  startup_stm32f427xx.o(.text)
    RTC_WKUP_IRQHandler                      0x08000297   Thumb Code     0  startup_stm32f427xx.o(.text)
    SAI1_IRQHandler                          0x08000297   Thumb Code     0  startup_stm32f427xx.o(.text)
    SDIO_IRQHandler                          0x08000297   Thumb Code     0  startup_stm32f427xx.o(.text)
    SPI1_IRQHandler                          0x08000297   Thumb Code     0  startup_stm32f427xx.o(.text)
    SPI2_IRQHandler                          0x08000297   Thumb Code     0  startup_stm32f427xx.o(.text)
    SPI3_IRQHandler                          0x08000297   Thumb Code     0  startup_stm32f427xx.o(.text)
    SPI4_IRQHandler                          0x08000297   Thumb Code     0  startup_stm32f427xx.o(.text)
    SPI5_IRQHandler                          0x08000297   Thumb Code     0  startup_stm32f427xx.o(.text)
    SPI6_IRQHandler                          0x08000297   Thumb Code     0  startup_stm32f427xx.o(.text)
    TAMP_STAMP_IRQHandler                    0x08000297   Thumb Code     0  startup_stm32f427xx.o(.text)
    TIM1_BRK_TIM9_IRQHandler                 0x08000297   Thumb Code     0  startup_stm32f427xx.o(.text)
    TIM1_CC_IRQHandler                       0x08000297   Thumb Code     0  startup_stm32f427xx.o(.text)
    TIM1_TRG_COM_TIM11_IRQHandler            0x08000297   Thumb Code     0  startup_stm32f427xx.o(.text)
    TIM1_UP_TIM10_IRQHandler                 0x08000297   Thumb Code     0  startup_stm32f427xx.o(.text)
    TIM2_IRQHandler                          0x08000297   Thumb Code     0  startup_stm32f427xx.o(.text)
    TIM4_IRQHandler                          0x08000297   Thumb Code     0  startup_stm32f427xx.o(.text)
    TIM5_IRQHandler                          0x08000297   Thumb Code     0  startup_stm32f427xx.o(.text)
    TIM6_DAC_IRQHandler                      0x08000297   Thumb Code     0  startup_stm32f427xx.o(.text)
    TIM7_IRQHandler                          0x08000297   Thumb Code     0  startup_stm32f427xx.o(.text)
    TIM8_BRK_TIM12_IRQHandler                0x08000297   Thumb Code     0  startup_stm32f427xx.o(.text)
    TIM8_CC_IRQHandler                       0x08000297   Thumb Code     0  startup_stm32f427xx.o(.text)
    TIM8_TRG_COM_TIM14_IRQHandler            0x08000297   Thumb Code     0  startup_stm32f427xx.o(.text)
    TIM8_UP_TIM13_IRQHandler                 0x08000297   Thumb Code     0  startup_stm32f427xx.o(.text)
    UART4_IRQHandler                         0x08000297   Thumb Code     0  startup_stm32f427xx.o(.text)
    UART5_IRQHandler                         0x08000297   Thumb Code     0  startup_stm32f427xx.o(.text)
    UART7_IRQHandler                         0x08000297   Thumb Code     0  startup_stm32f427xx.o(.text)
    UART8_IRQHandler                         0x08000297   Thumb Code     0  startup_stm32f427xx.o(.text)
    USART1_IRQHandler                        0x08000297   Thumb Code     0  startup_stm32f427xx.o(.text)
    USART2_IRQHandler                        0x08000297   Thumb Code     0  startup_stm32f427xx.o(.text)
    USART3_IRQHandler                        0x08000297   Thumb Code     0  startup_stm32f427xx.o(.text)
    WWDG_IRQHandler                          0x08000297   Thumb Code     0  startup_stm32f427xx.o(.text)
    __aeabi_uldivmod                         0x080002a1   Thumb Code    98  uldiv.o(.text)
    __aeabi_memcpy                           0x08000303   Thumb Code    36  memcpya.o(.text)
    __aeabi_memcpy4                          0x08000303   Thumb Code     0  memcpya.o(.text)
    __aeabi_memcpy8                          0x08000303   Thumb Code     0  memcpya.o(.text)
    __aeabi_dmul                             0x08000327   Thumb Code   228  dmul.o(.text)
    __aeabi_ddiv                             0x0800040b   Thumb Code   222  ddiv.o(.text)
    __aeabi_i2d                              0x080004e9   Thumb Code    34  dflti.o(.text)
    __aeabi_d2iz                             0x0800050b   Thumb Code    62  dfixi.o(.text)
    __aeabi_d2f                              0x08000549   Thumb Code    56  d2f.o(.text)
    __aeabi_llsl                             0x08000581   Thumb Code    30  llshl.o(.text)
    _ll_shift_l                              0x08000581   Thumb Code     0  llshl.o(.text)
    __aeabi_llsr                             0x0800059f   Thumb Code    32  llushr.o(.text)
    _ll_ushift_r                             0x0800059f   Thumb Code     0  llushr.o(.text)
    __I$use$fp                               0x080005bf   Thumb Code     0  iusefp.o(.text)
    _float_round                             0x080005bf   Thumb Code    18  fepilogue.o(.text)
    _float_epilogue                          0x080005d1   Thumb Code    92  fepilogue.o(.text)
    _double_round                            0x0800062d   Thumb Code    30  depilogue.o(.text)
    _double_epilogue                         0x0800064b   Thumb Code   156  depilogue.o(.text)
    __scatterload                            0x080006e9   Thumb Code    28  init.o(.text)
    __scatterload_rt2                        0x080006e9   Thumb Code     0  init.o(.text)
    ATS_CAN_Initialize                       0x0800070d   Thumb Code   130  can.o(i.ATS_CAN_Initialize)
    ATS_CAN_Task                             0x080007a9   Thumb Code    62  comm_can.o(i.ATS_CAN_Task)
    ATS_CREATE_CAN_Task                      0x080007f5   Thumb Code    30  comm_can.o(i.ATS_CREATE_CAN_Task)
    ATS_CREATE_NANOTXRX_Task                 0x0800081d   Thumb Code    30  track.o(i.ATS_CREATE_NANOTXRX_Task)
    ATS_CREATE_TRACK_Task                    0x08000845   Thumb Code    30  track.o(i.ATS_CREATE_TRACK_Task)
    ATS_ENCODER_Read                         0x0800086d   Thumb Code    56  track.o(i.ATS_ENCODER_Read)
    ATS_NANOTXRX_Task                        0x080008a9   Thumb Code   238  track.o(i.ATS_NANOTXRX_Task)
    ATS_TRACK_Task                           0x080009bd   Thumb Code   156  track.o(i.ATS_TRACK_Task)
    ATS_TRANSMIT_Can                         0x08000a71   Thumb Code    54  track.o(i.ATS_TRANSMIT_Can)
    BusFault_Handler                         0x08000ab1   Thumb Code     2  stm32f4xx_it.o(i.BusFault_Handler)
    CAN1_RX0_IRQHandler                      0x08000ab5   Thumb Code     6  stm32f4xx_it.o(i.CAN1_RX0_IRQHandler)
    CAN1_TX_IRQHandler                       0x08000ac1   Thumb Code     6  stm32f4xx_it.o(i.CAN1_TX_IRQHandler)
    DMA2_Stream1_IRQHandler                  0x08000acd   Thumb Code     6  stm32f4xx_it.o(i.DMA2_Stream1_IRQHandler)
    DebugMon_Handler                         0x08000b7d   Thumb Code     2  stm32f4xx_it.o(i.DebugMon_Handler)
    HAL_CAN_ActivateNotification             0x08000b7f   Thumb Code    40  stm32f4xx_hal_can.o(i.HAL_CAN_ActivateNotification)
    HAL_CAN_AddTxMessage                     0x08000ba7   Thumb Code   200  stm32f4xx_hal_can.o(i.HAL_CAN_AddTxMessage)
    HAL_CAN_ConfigFilter                     0x08000c71   Thumb Code   262  stm32f4xx_hal_can.o(i.HAL_CAN_ConfigFilter)
    HAL_CAN_ErrorCallback                    0x08000d7d   Thumb Code     2  stm32f4xx_hal_can.o(i.HAL_CAN_ErrorCallback)
    HAL_CAN_GetRxFifoFillLevel               0x08000d7f   Thumb Code    36  stm32f4xx_hal_can.o(i.HAL_CAN_GetRxFifoFillLevel)
    HAL_CAN_GetRxMessage                     0x08000da3   Thumb Code   250  stm32f4xx_hal_can.o(i.HAL_CAN_GetRxMessage)
    HAL_CAN_IRQHandler                       0x08000e9d   Thumb Code   508  stm32f4xx_hal_can.o(i.HAL_CAN_IRQHandler)
    HAL_CAN_Init                             0x08001099   Thumb Code   282  stm32f4xx_hal_can.o(i.HAL_CAN_Init)
    HAL_CAN_MspInit                          0x080011b5   Thumb Code    92  can.o(i.HAL_CAN_MspInit)
    HAL_CAN_RxFifo0FullCallback              0x0800121d   Thumb Code     2  stm32f4xx_hal_can.o(i.HAL_CAN_RxFifo0FullCallback)
    HAL_CAN_RxFifo0MsgPendingCallback        0x0800121f   Thumb Code     2  stm32f4xx_hal_can.o(i.HAL_CAN_RxFifo0MsgPendingCallback)
    HAL_CAN_RxFifo1FullCallback              0x08001221   Thumb Code     2  stm32f4xx_hal_can.o(i.HAL_CAN_RxFifo1FullCallback)
    HAL_CAN_RxFifo1MsgPendingCallback        0x08001223   Thumb Code     2  stm32f4xx_hal_can.o(i.HAL_CAN_RxFifo1MsgPendingCallback)
    HAL_CAN_SleepCallback                    0x08001225   Thumb Code     2  stm32f4xx_hal_can.o(i.HAL_CAN_SleepCallback)
    HAL_CAN_Start                            0x08001229   Thumb Code    88  stm32f4xx_hal_can.o(i.HAL_CAN_Start)
    HAL_CAN_TxMailbox0AbortCallback          0x08001281   Thumb Code     2  stm32f4xx_hal_can.o(i.HAL_CAN_TxMailbox0AbortCallback)
    HAL_CAN_TxMailbox0CompleteCallback       0x08001283   Thumb Code     2  stm32f4xx_hal_can.o(i.HAL_CAN_TxMailbox0CompleteCallback)
    HAL_CAN_TxMailbox1AbortCallback          0x08001285   Thumb Code     2  stm32f4xx_hal_can.o(i.HAL_CAN_TxMailbox1AbortCallback)
    HAL_CAN_TxMailbox1CompleteCallback       0x08001287   Thumb Code     2  stm32f4xx_hal_can.o(i.HAL_CAN_TxMailbox1CompleteCallback)
    HAL_CAN_TxMailbox2AbortCallback          0x08001289   Thumb Code     2  stm32f4xx_hal_can.o(i.HAL_CAN_TxMailbox2AbortCallback)
    HAL_CAN_TxMailbox2CompleteCallback       0x0800128b   Thumb Code     2  stm32f4xx_hal_can.o(i.HAL_CAN_TxMailbox2CompleteCallback)
    HAL_CAN_WakeUpFromRxMsgCallback          0x0800128d   Thumb Code     2  stm32f4xx_hal_can.o(i.HAL_CAN_WakeUpFromRxMsgCallback)
    HAL_DMA_Abort_IT                         0x0800128f   Thumb Code    36  stm32f4xx_hal_dma.o(i.HAL_DMA_Abort_IT)
    HAL_DMA_IRQHandler                       0x080012b5   Thumb Code   412  stm32f4xx_hal_dma.o(i.HAL_DMA_IRQHandler)
    HAL_DMA_Init                             0x08001455   Thumb Code   206  stm32f4xx_hal_dma.o(i.HAL_DMA_Init)
    HAL_DMA_Start_IT                         0x08001529   Thumb Code   120  stm32f4xx_hal_dma.o(i.HAL_DMA_Start_IT)
    HAL_GPIO_Init                            0x080015a1   Thumb Code   408  stm32f4xx_hal_gpio.o(i.HAL_GPIO_Init)
    HAL_GPIO_WritePin                        0x0800176d   Thumb Code    10  stm32f4xx_hal_gpio.o(i.HAL_GPIO_WritePin)
    HAL_GetTick                              0x08001779   Thumb Code     6  stm32f4xx_hal.o(i.HAL_GetTick)
    HAL_IncTick                              0x08001785   Thumb Code    12  stm32f4xx_hal.o(i.HAL_IncTick)
    HAL_Init                                 0x08001795   Thumb Code    48  stm32f4xx_hal.o(i.HAL_Init)
    HAL_InitTick                             0x080017c9   Thumb Code   100  stm32f4xx_hal_timebase_tim.o(i.HAL_InitTick)
    HAL_MspInit                              0x0800183d   Thumb Code   142  stm32f4xx_hal_msp.o(i.HAL_MspInit)
    HAL_NVIC_EnableIRQ                       0x080018d1   Thumb Code    22  stm32f4xx_hal_cortex.o(i.HAL_NVIC_EnableIRQ)
    HAL_NVIC_SetPriority                     0x080018e9   Thumb Code    60  stm32f4xx_hal_cortex.o(i.HAL_NVIC_SetPriority)
    HAL_NVIC_SetPriorityGrouping             0x08001929   Thumb Code    26  stm32f4xx_hal_cortex.o(i.HAL_NVIC_SetPriorityGrouping)
    HAL_RCC_ClockConfig                      0x0800194d   Thumb Code   286  stm32f4xx_hal_rcc.o(i.HAL_RCC_ClockConfig)
    HAL_RCC_GetClockConfig                   0x08001a7d   Thumb Code    54  stm32f4xx_hal_rcc.o(i.HAL_RCC_GetClockConfig)
    HAL_RCC_GetHCLKFreq                      0x08001abd   Thumb Code     6  stm32f4xx_hal_rcc.o(i.HAL_RCC_GetHCLKFreq)
    HAL_RCC_GetPCLK1Freq                     0x08001ac9   Thumb Code    20  stm32f4xx_hal_rcc.o(i.HAL_RCC_GetPCLK1Freq)
    HAL_RCC_GetPCLK2Freq                     0x08001ae9   Thumb Code    20  stm32f4xx_hal_rcc.o(i.HAL_RCC_GetPCLK2Freq)
    HAL_RCC_GetSysClockFreq                  0x08001b09   Thumb Code    88  stm32f4xx_hal_rcc.o(i.HAL_RCC_GetSysClockFreq)
    HAL_RCC_OscConfig                        0x08001b6d   Thumb Code   770  stm32f4xx_hal_rcc.o(i.HAL_RCC_OscConfig)
    HAL_SYSTICK_CLKSourceConfig              0x08001e89   Thumb Code    24  stm32f4xx_hal_cortex.o(i.HAL_SYSTICK_CLKSourceConfig)
    HAL_SYSTICK_Config                       0x08001ea1   Thumb Code    40  stm32f4xx_hal_cortex.o(i.HAL_SYSTICK_Config)
    HAL_TIMEx_BreakCallback                  0x08001ec9   Thumb Code     2  stm32f4xx_hal_tim_ex.o(i.HAL_TIMEx_BreakCallback)
    HAL_TIMEx_CommutationCallback            0x08001ecb   Thumb Code     2  stm32f4xx_hal_tim_ex.o(i.HAL_TIMEx_CommutationCallback)
    HAL_TIM_Base_Init                        0x08001ecd   Thumb Code    54  stm32f4xx_hal_tim.o(i.HAL_TIM_Base_Init)
    HAL_TIM_Base_MspInit                     0x08001f03   Thumb Code     2  stm32f4xx_hal_tim.o(i.HAL_TIM_Base_MspInit)
    HAL_TIM_Base_Start_IT                    0x08001f05   Thumb Code    24  stm32f4xx_hal_tim.o(i.HAL_TIM_Base_Start_IT)
    HAL_TIM_IC_CaptureCallback               0x08001f1d   Thumb Code     2  stm32f4xx_hal_tim.o(i.HAL_TIM_IC_CaptureCallback)
    HAL_TIM_IRQHandler                       0x08001f1f   Thumb Code   358  stm32f4xx_hal_tim.o(i.HAL_TIM_IRQHandler)
    HAL_TIM_OC_DelayElapsedCallback          0x08002085   Thumb Code     2  stm32f4xx_hal_tim.o(i.HAL_TIM_OC_DelayElapsedCallback)
    HAL_TIM_PWM_PulseFinishedCallback        0x08002087   Thumb Code     2  stm32f4xx_hal_tim.o(i.HAL_TIM_PWM_PulseFinishedCallback)
    HAL_TIM_PeriodElapsedCallback            0x08002089   Thumb Code    14  main.o(i.HAL_TIM_PeriodElapsedCallback)
    HAL_TIM_TriggerCallback                  0x0800209d   Thumb Code     2  stm32f4xx_hal_tim.o(i.HAL_TIM_TriggerCallback)
    HAL_UART_ErrorCallback                   0x0800209f   Thumb Code     2  stm32f4xx_hal_uart.o(i.HAL_UART_ErrorCallback)
    HAL_UART_IRQHandler                      0x080020a1   Thumb Code   266  stm32f4xx_hal_uart.o(i.HAL_UART_IRQHandler)
    HAL_UART_Init                            0x080021b1   Thumb Code    98  stm32f4xx_hal_uart.o(i.HAL_UART_Init)
    HAL_UART_MspInit                         0x08002215   Thumb Code   136  usart.o(i.HAL_UART_MspInit)
    HAL_UART_Receive_DMA                     0x080022c1   Thumb Code   138  stm32f4xx_hal_uart.o(i.HAL_UART_Receive_DMA)
    HAL_UART_RxCpltCallback                  0x08002359   Thumb Code     8  track.o(i.HAL_UART_RxCpltCallback)
    HAL_UART_RxHalfCpltCallback              0x08002365   Thumb Code     2  stm32f4xx_hal_uart.o(i.HAL_UART_RxHalfCpltCallback)
    HAL_UART_Transmit                        0x08002367   Thumb Code   186  stm32f4xx_hal_uart.o(i.HAL_UART_Transmit)
    HAL_UART_TxCpltCallback                  0x08002421   Thumb Code     2  stm32f4xx_hal_uart.o(i.HAL_UART_TxCpltCallback)
    HardFault_Handler                        0x08002423   Thumb Code     2  stm32f4xx_it.o(i.HardFault_Handler)
    MX_CAN1_Init                             0x08002425   Thumb Code    64  can.o(i.MX_CAN1_Init)
    MX_DMA_Init                              0x0800247d   Thumb Code    40  dma.o(i.MX_DMA_Init)
    MX_FREERTOS_Init                         0x080024a9   Thumb Code    42  freertos.o(i.MX_FREERTOS_Init)
    MX_GPIO_Init                             0x080024dd   Thumb Code   224  gpio.o(i.MX_GPIO_Init)
    MX_USART6_UART_Init                      0x080025cd   Thumb Code    52  usart.o(i.MX_USART6_UART_Init)
    MemManage_Handler                        0x08002619   Thumb Code     2  stm32f4xx_it.o(i.MemManage_Handler)
    NMI_Handler                              0x0800261b   Thumb Code     2  stm32f4xx_it.o(i.NMI_Handler)
    PID_CALC                                 0x0800263d   Thumb Code    54  pid.o(i.PID_CALC)
    RCC_IRQHandler                           0x08002673   Thumb Code     2  stm32f4xx_it.o(i.RCC_IRQHandler)
    StartDefaultTask                         0x08002675   Thumb Code     8  freertos.o(i.StartDefaultTask)
    SysTick_Handler                          0x0800267d   Thumb Code     4  stm32f4xx_it.o(i.SysTick_Handler)
    SystemClock_Config                       0x08002681   Thumb Code   150  main.o(i.SystemClock_Config)
    SystemInit                               0x08002721   Thumb Code    66  system_stm32f4xx.o(i.SystemInit)
    TIM3_IRQHandler                          0x08002775   Thumb Code     6  stm32f4xx_it.o(i.TIM3_IRQHandler)
    TIM_Base_SetConfig                       0x08002781   Thumb Code   148  stm32f4xx_hal_tim.o(i.TIM_Base_SetConfig)
    USART6_IRQHandler                        0x08002d11   Thumb Code     6  stm32f4xx_it.o(i.USART6_IRQHandler)
    UsageFault_Handler                       0x08002d1d   Thumb Code     2  stm32f4xx_it.o(i.UsageFault_Handler)
    _Error_Handler                           0x08002d1f   Thumb Code     2  main.o(i._Error_Handler)
    __scatterload_copy                       0x08002d21   Thumb Code    14  handlers.o(i.__scatterload_copy)
    __scatterload_null                       0x08002d2f   Thumb Code     2  handlers.o(i.__scatterload_null)
    __scatterload_zeroinit                   0x08002d31   Thumb Code    14  handlers.o(i.__scatterload_zeroinit)
    get_encoder_data                         0x08002d41   Thumb Code   146  motor.o(i.get_encoder_data)
    main                                     0x08002de5   Thumb Code    48  main.o(i.main)
    osDelay                                  0x08002e29   Thumb Code    14  cmsis_os.o(i.osDelay)
    osDelayUntil                             0x08002e37   Thumb Code     4  cmsis_os.o(i.osDelayUntil)
    osKernelStart                            0x08002e3b   Thumb Code    10  cmsis_os.o(i.osKernelStart)
    osKernelSysTick                          0x08002e45   Thumb Code    24  cmsis_os.o(i.osKernelSysTick)
    osSystickHandler                         0x08002e5d   Thumb Code    20  cmsis_os.o(i.osSystickHandler)
    osThreadCreate                           0x08002e71   Thumb Code    46  cmsis_os.o(i.osThreadCreate)
    pvPortMalloc                             0x080031dd   Thumb Code   210  heap_4.o(i.pvPortMalloc)
    pxPortInitialiseStack                    0x080032b5   Thumb Code    40  port.o(i.pxPortInitialiseStack)
    uxListRemove                             0x080032e1   Thumb Code    36  list.o(i.uxListRemove)
    vListInitialise                          0x08003305   Thumb Code    22  list.o(i.vListInitialise)
    vListInitialiseItem                      0x0800331b   Thumb Code     6  list.o(i.vListInitialiseItem)
    vListInsert                              0x08003321   Thumb Code    48  list.o(i.vListInsert)
    vListInsertEnd                           0x08003351   Thumb Code    24  list.o(i.vListInsertEnd)
    vPortEnterCritical                       0x08003369   Thumb Code    54  port.o(i.vPortEnterCritical)
    vPortExitCritical                        0x080033a9   Thumb Code    34  port.o(i.vPortExitCritical)
    vPortFree                                0x080033d1   Thumb Code    88  heap_4.o(i.vPortFree)
    vPortSetupTimerInterrupt                 0x0800342d   Thumb Code    26  port.o(i.vPortSetupTimerInterrupt)
    vPortValidateInterruptPriority           0x0800344d   Thumb Code    74  port.o(i.vPortValidateInterruptPriority)
    vTaskDelay                               0x080034a1   Thumb Code    66  tasks.o(i.vTaskDelay)
    vTaskStartScheduler                      0x080034ed   Thumb Code    86  tasks.o(i.vTaskStartScheduler)
    vTaskSuspendAll                          0x08003555   Thumb Code    10  tasks.o(i.vTaskSuspendAll)
    vTaskSwitchContext                       0x08003565   Thumb Code    82  tasks.o(i.vTaskSwitchContext)
    xPortStartScheduler                      0x080035c1   Thumb Code   202  port.o(i.xPortStartScheduler)
    xPortSysTickHandler                      0x080036a1   Thumb Code    38  port.o(i.xPortSysTickHandler)
    xTaskCreate                              0x080036cd   Thumb Code    86  tasks.o(i.xTaskCreate)
    xTaskGetSchedulerState                   0x08003725   Thumb Code    22  tasks.o(i.xTaskGetSchedulerState)
    xTaskGetTickCount                        0x08003741   Thumb Code     6  tasks.o(i.xTaskGetTickCount)
    xTaskGetTickCountFromISR                 0x0800374d   Thumb Code    12  tasks.o(i.xTaskGetTickCountFromISR)
    xTaskIncrementTick                       0x0800375d   Thumb Code   192  tasks.o(i.xTaskIncrementTick)
    xTaskResumeAll                           0x08003825   Thumb Code   182  tasks.o(i.xTaskResumeAll)
    AHBPrescTable                            0x08003904   Data          16  system_stm32f4xx.o(.constdata)
    APBPrescTable                            0x08003914   Data           8  system_stm32f4xx.o(.constdata)
    Region$$Table$$Base                      0x08003990   Number         0  anon$$obj.o(Region$$Table)
    Region$$Table$$Limit                     0x080039b0   Number         0  anon$$obj.o(Region$$Table)
    defaultTaskHandle                        0x20000000   Data           4  freertos.o(.data)
    uwTickFreq                               0x20000004   Data           1  stm32f4xx_hal.o(.data)
    uwTickPrio                               0x20000008   Data           4  stm32f4xx_hal.o(.data)
    uwTick                                   0x2000000c   Data           4  stm32f4xx_hal.o(.data)
    SystemCoreClock                          0x20000010   Data           4  system_stm32f4xx.o(.data)
    pxCurrentTCB                             0x20000038   Data           4  tasks.o(.data)
    DMA_CALLBACK                             0x20000074   Data           4  track.o(.data)
    TARGET_yaw_speed                         0x20000078   Data           4  track.o(.data)
    TARGET_pitch_speed                       0x2000007c   Data           4  track.o(.data)
    TRANSMIT_OK                              0x20000080   Data           4  track.o(.data)
    RECEIVE_OK                               0x20000084   Data           4  track.o(.data)
    target_angular_velocity                  0x20000088   Data           4  track.o(.data)
    ATS_TRACK_Handle                         0x2000008c   Data           4  track.o(.data)
    ATS_NANOTXRX_Handle                      0x20000090   Data           4  track.o(.data)
    yaw                                      0x20000094   Data          28  track.o(.data)
    pitch                                    0x200000b0   Data          28  track.o(.data)
    CAN_msgs_received                        0x200000cc   Data           4  comm_can.o(.data)
    ATS_CAN_Handle                           0x200000d0   Data           4  comm_can.o(.data)
    canRxMsg                                 0x200000d4   Data           8  comm_can.o(.data)
    hcan1                                    0x200000dc   Data          40  can.o(.bss)
    can1TxHeader0                            0x20000104   Data          24  can.o(.bss)
    can1TxHeader1                            0x2000011c   Data          24  can.o(.bss)
    can1Filter                               0x20000134   Data          40  can.o(.bss)
    huart6                                   0x2000015c   Data          64  usart.o(.bss)
    hdma_usart6_rx                           0x2000019c   Data          96  usart.o(.bss)
    htim3                                    0x200001fc   Data          60  stm32f4xx_hal_timebase_tim.o(.bss)
    yaw_motor                                0x20003f28   Data          40  track.o(.bss)
    pitch_motor                              0x20003f50   Data          40  track.o(.bss)
    can1RxHeader                             0x20003f78   Data          28  comm_can.o(.bss)
    __initial_sp                             0x20004398   Data           0  startup_stm32f427xx.o(STACK)



==============================================================================

Memory Map of the image

  Image Entry point : 0x080001ad

  Load Region LR_IROM1 (Base: 0x08000000, Size: 0x00003a8c, Max: 0x00200000, ABSOLUTE)

    Execution Region ER_IROM1 (Exec base: 0x08000000, Load base: 0x08000000, Size: 0x000039b0, Max: 0x00200000, ABSOLUTE)

    Exec Addr    Load Addr    Size         Type   Attr      Idx    E Section Name        Object

    0x08000000   0x08000000   0x000001ac   Data   RO            3    RESET               startup_stm32f427xx.o
    0x080001ac   0x080001ac   0x00000000   Code   RO         4402  * .ARM.Collect$$$$00000000  mc_w.l(entry.o)
    0x080001ac   0x080001ac   0x00000004   Code   RO         4421    .ARM.Collect$$$$00000001  mc_w.l(entry2.o)
    0x080001b0   0x080001b0   0x00000004   Code   RO         4424    .ARM.Collect$$$$00000004  mc_w.l(entry5.o)
    0x080001b4   0x080001b4   0x00000000   Code   RO         4426    .ARM.Collect$$$$00000008  mc_w.l(entry7b.o)
    0x080001b4   0x080001b4   0x00000000   Code   RO         4428    .ARM.Collect$$$$0000000A  mc_w.l(entry8b.o)
    0x080001b4   0x080001b4   0x00000008   Code   RO         4429    .ARM.Collect$$$$0000000B  mc_w.l(entry9a.o)
    0x080001bc   0x080001bc   0x00000000   Code   RO         4431    .ARM.Collect$$$$0000000D  mc_w.l(entry10a.o)
    0x080001bc   0x080001bc   0x00000000   Code   RO         4433    .ARM.Collect$$$$0000000F  mc_w.l(entry11a.o)
    0x080001bc   0x080001bc   0x00000004   Code   RO         4422    .ARM.Collect$$$$00002712  mc_w.l(entry2.o)
    0x080001c0   0x080001c0   0x000000ba   Code   RO         3242    .emb_text           port.o
    0x0800027a   0x0800027a   0x00000002   PAD
    0x0800027c   0x0800027c   0x00000024   Code   RO            4    .text               startup_stm32f427xx.o
    0x080002a0   0x080002a0   0x00000062   Code   RO         4405    .text               mc_w.l(uldiv.o)
    0x08000302   0x08000302   0x00000024   Code   RO         4407    .text               mc_w.l(memcpya.o)
    0x08000326   0x08000326   0x000000e4   Code   RO         4411    .text               mf_w.l(dmul.o)
    0x0800040a   0x0800040a   0x000000de   Code   RO         4413    .text               mf_w.l(ddiv.o)
    0x080004e8   0x080004e8   0x00000022   Code   RO         4415    .text               mf_w.l(dflti.o)
    0x0800050a   0x0800050a   0x0000003e   Code   RO         4417    .text               mf_w.l(dfixi.o)
    0x08000548   0x08000548   0x00000038   Code   RO         4419    .text               mf_w.l(d2f.o)
    0x08000580   0x08000580   0x0000001e   Code   RO         4435    .text               mc_w.l(llshl.o)
    0x0800059e   0x0800059e   0x00000020   Code   RO         4437    .text               mc_w.l(llushr.o)
    0x080005be   0x080005be   0x00000000   Code   RO         4439    .text               mc_w.l(iusefp.o)
    0x080005be   0x080005be   0x0000006e   Code   RO         4440    .text               mf_w.l(fepilogue.o)
    0x0800062c   0x0800062c   0x000000ba   Code   RO         4442    .text               mf_w.l(depilogue.o)
    0x080006e6   0x080006e6   0x00000002   PAD
    0x080006e8   0x080006e8   0x00000024   Code   RO         4444    .text               mc_w.l(init.o)
    0x0800070c   0x0800070c   0x0000009c   Code   RO          235    i.ATS_CAN_Initialize  can.o
    0x080007a8   0x080007a8   0x0000004c   Code   RO         4333    i.ATS_CAN_Task      comm_can.o
    0x080007f4   0x080007f4   0x00000028   Code   RO         4334    i.ATS_CREATE_CAN_Task  comm_can.o
    0x0800081c   0x0800081c   0x00000028   Code   RO         4250    i.ATS_CREATE_NANOTXRX_Task  track.o
    0x08000844   0x08000844   0x00000028   Code   RO         4251    i.ATS_CREATE_TRACK_Task  track.o
    0x0800086c   0x0800086c   0x0000003c   Code   RO         4252    i.ATS_ENCODER_Read  track.o
    0x080008a8   0x080008a8   0x00000114   Code   RO         4253    i.ATS_NANOTXRX_Task  track.o
    0x080009bc   0x080009bc   0x000000b4   Code   RO         4254    i.ATS_TRACK_Task    track.o
    0x08000a70   0x08000a70   0x00000040   Code   RO         4255    i.ATS_TRANSMIT_Can  track.o
    0x08000ab0   0x08000ab0   0x00000002   Code   RO          416    i.BusFault_Handler  stm32f4xx_it.o
    0x08000ab2   0x08000ab2   0x00000002   PAD
    0x08000ab4   0x08000ab4   0x0000000c   Code   RO          417    i.CAN1_RX0_IRQHandler  stm32f4xx_it.o
    0x08000ac0   0x08000ac0   0x0000000c   Code   RO          418    i.CAN1_TX_IRQHandler  stm32f4xx_it.o
    0x08000acc   0x08000acc   0x0000000c   Code   RO          419    i.DMA2_Stream1_IRQHandler  stm32f4xx_it.o
    0x08000ad8   0x08000ad8   0x00000028   Code   RO         2521    i.DMA_CalcBaseAndBitshift  stm32f4xx_hal_dma.o
    0x08000b00   0x08000b00   0x00000054   Code   RO         2522    i.DMA_CheckFifoParam  stm32f4xx_hal_dma.o
    0x08000b54   0x08000b54   0x00000028   Code   RO         2523    i.DMA_SetConfig     stm32f4xx_hal_dma.o
    0x08000b7c   0x08000b7c   0x00000002   Code   RO          420    i.DebugMon_Handler  stm32f4xx_it.o
    0x08000b7e   0x08000b7e   0x00000028   Code   RO          581    i.HAL_CAN_ActivateNotification  stm32f4xx_hal_can.o
    0x08000ba6   0x08000ba6   0x000000c8   Code   RO          582    i.HAL_CAN_AddTxMessage  stm32f4xx_hal_can.o
    0x08000c6e   0x08000c6e   0x00000002   PAD
    0x08000c70   0x08000c70   0x0000010c   Code   RO          583    i.HAL_CAN_ConfigFilter  stm32f4xx_hal_can.o
    0x08000d7c   0x08000d7c   0x00000002   Code   RO          586    i.HAL_CAN_ErrorCallback  stm32f4xx_hal_can.o
    0x08000d7e   0x08000d7e   0x00000024   Code   RO          588    i.HAL_CAN_GetRxFifoFillLevel  stm32f4xx_hal_can.o
    0x08000da2   0x08000da2   0x000000fa   Code   RO          589    i.HAL_CAN_GetRxMessage  stm32f4xx_hal_can.o
    0x08000e9c   0x08000e9c   0x000001fc   Code   RO          593    i.HAL_CAN_IRQHandler  stm32f4xx_hal_can.o
    0x08001098   0x08001098   0x0000011a   Code   RO          594    i.HAL_CAN_Init      stm32f4xx_hal_can.o
    0x080011b2   0x080011b2   0x00000002   PAD
    0x080011b4   0x080011b4   0x00000068   Code   RO          238    i.HAL_CAN_MspInit   can.o
    0x0800121c   0x0800121c   0x00000002   Code   RO          601    i.HAL_CAN_RxFifo0FullCallback  stm32f4xx_hal_can.o
    0x0800121e   0x0800121e   0x00000002   Code   RO          602    i.HAL_CAN_RxFifo0MsgPendingCallback  stm32f4xx_hal_can.o
    0x08001220   0x08001220   0x00000002   Code   RO          603    i.HAL_CAN_RxFifo1FullCallback  stm32f4xx_hal_can.o
    0x08001222   0x08001222   0x00000002   Code   RO          604    i.HAL_CAN_RxFifo1MsgPendingCallback  stm32f4xx_hal_can.o
    0x08001224   0x08001224   0x00000002   Code   RO          605    i.HAL_CAN_SleepCallback  stm32f4xx_hal_can.o
    0x08001226   0x08001226   0x00000002   PAD
    0x08001228   0x08001228   0x00000058   Code   RO          606    i.HAL_CAN_Start     stm32f4xx_hal_can.o
    0x08001280   0x08001280   0x00000002   Code   RO          608    i.HAL_CAN_TxMailbox0AbortCallback  stm32f4xx_hal_can.o
    0x08001282   0x08001282   0x00000002   Code   RO          609    i.HAL_CAN_TxMailbox0CompleteCallback  stm32f4xx_hal_can.o
    0x08001284   0x08001284   0x00000002   Code   RO          610    i.HAL_CAN_TxMailbox1AbortCallback  stm32f4xx_hal_can.o
    0x08001286   0x08001286   0x00000002   Code   RO          611    i.HAL_CAN_TxMailbox1CompleteCallback  stm32f4xx_hal_can.o
    0x08001288   0x08001288   0x00000002   Code   RO          612    i.HAL_CAN_TxMailbox2AbortCallback  stm32f4xx_hal_can.o
    0x0800128a   0x0800128a   0x00000002   Code   RO          613    i.HAL_CAN_TxMailbox2CompleteCallback  stm32f4xx_hal_can.o
    0x0800128c   0x0800128c   0x00000002   Code   RO          615    i.HAL_CAN_WakeUpFromRxMsgCallback  stm32f4xx_hal_can.o
    0x0800128e   0x0800128e   0x00000024   Code   RO         2525    i.HAL_DMA_Abort_IT  stm32f4xx_hal_dma.o
    0x080012b2   0x080012b2   0x00000002   PAD
    0x080012b4   0x080012b4   0x000001a0   Code   RO         2529    i.HAL_DMA_IRQHandler  stm32f4xx_hal_dma.o
    0x08001454   0x08001454   0x000000d4   Code   RO         2530    i.HAL_DMA_Init      stm32f4xx_hal_dma.o
    0x08001528   0x08001528   0x00000078   Code   RO         2534    i.HAL_DMA_Start_IT  stm32f4xx_hal_dma.o
    0x080015a0   0x080015a0   0x000001cc   Code   RO         2417    i.HAL_GPIO_Init     stm32f4xx_hal_gpio.o
    0x0800176c   0x0800176c   0x0000000a   Code   RO         2421    i.HAL_GPIO_WritePin  stm32f4xx_hal_gpio.o
    0x08001776   0x08001776   0x00000002   PAD
    0x08001778   0x08001778   0x0000000c   Code   RO         2969    i.HAL_GetTick       stm32f4xx_hal.o
    0x08001784   0x08001784   0x00000010   Code   RO         2973    i.HAL_IncTick       stm32f4xx_hal.o
    0x08001794   0x08001794   0x00000034   Code   RO         2974    i.HAL_Init          stm32f4xx_hal.o
    0x080017c8   0x080017c8   0x00000074   Code   RO          540    i.HAL_InitTick      stm32f4xx_hal_timebase_tim.o
    0x0800183c   0x0800183c   0x00000094   Code   RO          516    i.HAL_MspInit       stm32f4xx_hal_msp.o
    0x080018d0   0x080018d0   0x00000016   Code   RO         2824    i.HAL_NVIC_EnableIRQ  stm32f4xx_hal_cortex.o
    0x080018e6   0x080018e6   0x00000002   PAD
    0x080018e8   0x080018e8   0x00000040   Code   RO         2830    i.HAL_NVIC_SetPriority  stm32f4xx_hal_cortex.o
    0x08001928   0x08001928   0x00000024   Code   RO         2831    i.HAL_NVIC_SetPriorityGrouping  stm32f4xx_hal_cortex.o
    0x0800194c   0x0800194c   0x00000130   Code   RO         2011    i.HAL_RCC_ClockConfig  stm32f4xx_hal_rcc.o
    0x08001a7c   0x08001a7c   0x00000040   Code   RO         2015    i.HAL_RCC_GetClockConfig  stm32f4xx_hal_rcc.o
    0x08001abc   0x08001abc   0x0000000c   Code   RO         2016    i.HAL_RCC_GetHCLKFreq  stm32f4xx_hal_rcc.o
    0x08001ac8   0x08001ac8   0x00000020   Code   RO         2018    i.HAL_RCC_GetPCLK1Freq  stm32f4xx_hal_rcc.o
    0x08001ae8   0x08001ae8   0x00000020   Code   RO         2019    i.HAL_RCC_GetPCLK2Freq  stm32f4xx_hal_rcc.o
    0x08001b08   0x08001b08   0x00000064   Code   RO         2020    i.HAL_RCC_GetSysClockFreq  stm32f4xx_hal_rcc.o
    0x08001b6c   0x08001b6c   0x0000031c   Code   RO         2023    i.HAL_RCC_OscConfig  stm32f4xx_hal_rcc.o
    0x08001e88   0x08001e88   0x00000018   Code   RO         2833    i.HAL_SYSTICK_CLKSourceConfig  stm32f4xx_hal_cortex.o
    0x08001ea0   0x08001ea0   0x00000028   Code   RO         2835    i.HAL_SYSTICK_Config  stm32f4xx_hal_cortex.o
    0x08001ec8   0x08001ec8   0x00000002   Code   RO         1445    i.HAL_TIMEx_BreakCallback  stm32f4xx_hal_tim_ex.o
    0x08001eca   0x08001eca   0x00000002   Code   RO         1446    i.HAL_TIMEx_CommutationCallback  stm32f4xx_hal_tim_ex.o
    0x08001ecc   0x08001ecc   0x00000036   Code   RO          816    i.HAL_TIM_Base_Init  stm32f4xx_hal_tim.o
    0x08001f02   0x08001f02   0x00000002   Code   RO          818    i.HAL_TIM_Base_MspInit  stm32f4xx_hal_tim.o
    0x08001f04   0x08001f04   0x00000018   Code   RO          821    i.HAL_TIM_Base_Start_IT  stm32f4xx_hal_tim.o
    0x08001f1c   0x08001f1c   0x00000002   Code   RO          845    i.HAL_TIM_IC_CaptureCallback  stm32f4xx_hal_tim.o
    0x08001f1e   0x08001f1e   0x00000166   Code   RO          858    i.HAL_TIM_IRQHandler  stm32f4xx_hal_tim.o
    0x08002084   0x08002084   0x00000002   Code   RO          861    i.HAL_TIM_OC_DelayElapsedCallback  stm32f4xx_hal_tim.o
    0x08002086   0x08002086   0x00000002   Code   RO          888    i.HAL_TIM_PWM_PulseFinishedCallback  stm32f4xx_hal_tim.o
    0x08002088   0x08002088   0x00000014   Code   RO           13    i.HAL_TIM_PeriodElapsedCallback  main.o
    0x0800209c   0x0800209c   0x00000002   Code   RO          899    i.HAL_TIM_TriggerCallback  stm32f4xx_hal_tim.o
    0x0800209e   0x0800209e   0x00000002   Code   RO         1705    i.HAL_UART_ErrorCallback  stm32f4xx_hal_uart.o
    0x080020a0   0x080020a0   0x00000110   Code   RO         1708    i.HAL_UART_IRQHandler  stm32f4xx_hal_uart.o
    0x080021b0   0x080021b0   0x00000062   Code   RO         1709    i.HAL_UART_Init     stm32f4xx_hal_uart.o
    0x08002212   0x08002212   0x00000002   PAD
    0x08002214   0x08002214   0x000000ac   Code   RO          375    i.HAL_UART_MspInit  usart.o
    0x080022c0   0x080022c0   0x00000098   Code   RO         1713    i.HAL_UART_Receive_DMA  stm32f4xx_hal_uart.o
    0x08002358   0x08002358   0x0000000c   Code   RO         4256    i.HAL_UART_RxCpltCallback  track.o
    0x08002364   0x08002364   0x00000002   Code   RO         1716    i.HAL_UART_RxHalfCpltCallback  stm32f4xx_hal_uart.o
    0x08002366   0x08002366   0x000000ba   Code   RO         1717    i.HAL_UART_Transmit  stm32f4xx_hal_uart.o
    0x08002420   0x08002420   0x00000002   Code   RO         1720    i.HAL_UART_TxCpltCallback  stm32f4xx_hal_uart.o
    0x08002422   0x08002422   0x00000002   Code   RO          421    i.HardFault_Handler  stm32f4xx_it.o
    0x08002424   0x08002424   0x00000058   Code   RO          239    i.MX_CAN1_Init      can.o
    0x0800247c   0x0800247c   0x0000002c   Code   RO          291    i.MX_DMA_Init       dma.o
    0x080024a8   0x080024a8   0x00000034   Code   RO          315    i.MX_FREERTOS_Init  freertos.o
    0x080024dc   0x080024dc   0x000000f0   Code   RO          211    i.MX_GPIO_Init      gpio.o
    0x080025cc   0x080025cc   0x0000004c   Code   RO          376    i.MX_USART6_UART_Init  usart.o
    0x08002618   0x08002618   0x00000002   Code   RO          422    i.MemManage_Handler  stm32f4xx_it.o
    0x0800261a   0x0800261a   0x00000002   Code   RO          423    i.NMI_Handler       stm32f4xx_it.o
    0x0800261c   0x0800261c   0x00000020   Code   RO         2837    i.NVIC_SetPriority  stm32f4xx_hal_cortex.o
    0x0800263c   0x0800263c   0x00000036   Code   RO         4366    i.PID_CALC          pid.o
    0x08002672   0x08002672   0x00000002   Code   RO          424    i.RCC_IRQHandler    stm32f4xx_it.o
    0x08002674   0x08002674   0x00000008   Code   RO          316    i.StartDefaultTask  freertos.o
    0x0800267c   0x0800267c   0x00000004   Code   RO          425    i.SysTick_Handler   stm32f4xx_it.o
    0x08002680   0x08002680   0x000000a0   Code   RO           14    i.SystemClock_Config  main.o
    0x08002720   0x08002720   0x00000054   Code   RO         3138    i.SystemInit        system_stm32f4xx.o
    0x08002774   0x08002774   0x0000000c   Code   RO          426    i.TIM3_IRQHandler   stm32f4xx_it.o
    0x08002780   0x08002780   0x000000c0   Code   RO          900    i.TIM_Base_SetConfig  stm32f4xx_hal_tim.o
    0x08002840   0x08002840   0x00000010   Code   RO         1722    i.UART_DMAAbortOnError  stm32f4xx_hal_uart.o
    0x08002850   0x08002850   0x0000004a   Code   RO         1723    i.UART_DMAError     stm32f4xx_hal_uart.o
    0x0800289a   0x0800289a   0x0000003c   Code   RO         1724    i.UART_DMAReceiveCplt  stm32f4xx_hal_uart.o
    0x080028d6   0x080028d6   0x0000000a   Code   RO         1726    i.UART_DMARxHalfCplt  stm32f4xx_hal_uart.o
    0x080028e0   0x080028e0   0x0000001c   Code   RO         1732    i.UART_EndRxTransfer  stm32f4xx_hal_uart.o
    0x080028fc   0x080028fc   0x00000012   Code   RO         1733    i.UART_EndTxTransfer  stm32f4xx_hal_uart.o
    0x0800290e   0x0800290e   0x0000008c   Code   RO         1734    i.UART_Receive_IT   stm32f4xx_hal_uart.o
    0x0800299a   0x0800299a   0x00000002   PAD
    0x0800299c   0x0800299c   0x000002ac   Code   RO         1735    i.UART_SetConfig    stm32f4xx_hal_uart.o
    0x08002c48   0x08002c48   0x00000062   Code   RO         1736    i.UART_Transmit_IT  stm32f4xx_hal_uart.o
    0x08002caa   0x08002caa   0x00000064   Code   RO         1737    i.UART_WaitOnFlagUntilTimeout  stm32f4xx_hal_uart.o
    0x08002d0e   0x08002d0e   0x00000002   PAD
    0x08002d10   0x08002d10   0x0000000c   Code   RO          427    i.USART6_IRQHandler  stm32f4xx_it.o
    0x08002d1c   0x08002d1c   0x00000002   Code   RO          428    i.UsageFault_Handler  stm32f4xx_it.o
    0x08002d1e   0x08002d1e   0x00000002   Code   RO           15    i._Error_Handler    main.o
    0x08002d20   0x08002d20   0x0000000e   Code   RO         4448    i.__scatterload_copy  mc_w.l(handlers.o)
    0x08002d2e   0x08002d2e   0x00000002   Code   RO         4449    i.__scatterload_null  mc_w.l(handlers.o)
    0x08002d30   0x08002d30   0x0000000e   Code   RO         4450    i.__scatterload_zeroinit  mc_w.l(handlers.o)
    0x08002d3e   0x08002d3e   0x00000002   PAD
    0x08002d40   0x08002d40   0x00000098   Code   RO         4381    i.get_encoder_data  motor.o
    0x08002dd8   0x08002dd8   0x0000000c   Code   RO         3872    i.inHandlerMode     cmsis_os.o
    0x08002de4   0x08002de4   0x00000038   Code   RO           16    i.main              main.o
    0x08002e1c   0x08002e1c   0x0000000c   Code   RO         3874    i.makeFreeRtosPriority  cmsis_os.o
    0x08002e28   0x08002e28   0x0000000e   Code   RO         3876    i.osDelay           cmsis_os.o
    0x08002e36   0x08002e36   0x00000004   Code   RO         3877    i.osDelayUntil      cmsis_os.o
    0x08002e3a   0x08002e3a   0x0000000a   Code   RO         3879    i.osKernelStart     cmsis_os.o
    0x08002e44   0x08002e44   0x00000018   Code   RO         3880    i.osKernelSysTick   cmsis_os.o
    0x08002e5c   0x08002e5c   0x00000014   Code   RO         3912    i.osSystickHandler  cmsis_os.o
    0x08002e70   0x08002e70   0x0000002e   Code   RO         3913    i.osThreadCreate    cmsis_os.o
    0x08002e9e   0x08002e9e   0x00000002   PAD
    0x08002ea0   0x08002ea0   0x00000070   Code   RO         3585    i.prvAddCurrentTaskToDelayedList  tasks.o
    0x08002f10   0x08002f10   0x000000d0   Code   RO         3586    i.prvAddNewTaskToReadyList  tasks.o
    0x08002fe0   0x08002fe0   0x00000050   Code   RO         3587    i.prvCheckTasksWaitingTermination  tasks.o
    0x08003030   0x08003030   0x00000014   Code   RO         3588    i.prvDeleteTCB      tasks.o
    0x08003044   0x08003044   0x0000004c   Code   RO         3172    i.prvHeapInit       heap_4.o
    0x08003090   0x08003090   0x00000028   Code   RO         3589    i.prvIdleTask       tasks.o
    0x080030b8   0x080030b8   0x0000008e   Code   RO         3590    i.prvInitialiseNewTask  tasks.o
    0x08003146   0x08003146   0x00000002   PAD
    0x08003148   0x08003148   0x0000004c   Code   RO         3173    i.prvInsertBlockIntoFreeList  heap_4.o
    0x08003194   0x08003194   0x00000020   Code   RO         3591    i.prvResetNextTaskUnblockTime  tasks.o
    0x080031b4   0x080031b4   0x00000028   Code   RO         3243    i.prvTaskExitError  port.o
    0x080031dc   0x080031dc   0x000000d8   Code   RO         3174    i.pvPortMalloc      heap_4.o
    0x080032b4   0x080032b4   0x0000002c   Code   RO         3244    i.pxPortInitialiseStack  port.o
    0x080032e0   0x080032e0   0x00000024   Code   RO         3408    i.uxListRemove      list.o
    0x08003304   0x08003304   0x00000016   Code   RO         3409    i.vListInitialise   list.o
    0x0800331a   0x0800331a   0x00000006   Code   RO         3410    i.vListInitialiseItem  list.o
    0x08003320   0x08003320   0x00000030   Code   RO         3411    i.vListInsert       list.o
    0x08003350   0x08003350   0x00000018   Code   RO         3412    i.vListInsertEnd    list.o
    0x08003368   0x08003368   0x00000040   Code   RO         3246    i.vPortEnterCritical  port.o
    0x080033a8   0x080033a8   0x00000028   Code   RO         3247    i.vPortExitCritical  port.o
    0x080033d0   0x080033d0   0x0000005c   Code   RO         3175    i.vPortFree         heap_4.o
    0x0800342c   0x0800342c   0x00000020   Code   RO         3248    i.vPortSetupTimerInterrupt  port.o
    0x0800344c   0x0800344c   0x00000054   Code   RO         3249    i.vPortValidateInterruptPriority  port.o
    0x080034a0   0x080034a0   0x0000004c   Code   RO         3599    i.vTaskDelay        tasks.o
    0x080034ec   0x080034ec   0x00000068   Code   RO         3610    i.vTaskStartScheduler  tasks.o
    0x08003554   0x08003554   0x00000010   Code   RO         3612    i.vTaskSuspendAll   tasks.o
    0x08003564   0x08003564   0x0000005c   Code   RO         3613    i.vTaskSwitchContext  tasks.o
    0x080035c0   0x080035c0   0x000000e0   Code   RO         3250    i.xPortStartScheduler  port.o
    0x080036a0   0x080036a0   0x0000002c   Code   RO         3251    i.xPortSysTickHandler  port.o
    0x080036cc   0x080036cc   0x00000056   Code   RO         3615    i.xTaskCreate       tasks.o
    0x08003722   0x08003722   0x00000002   PAD
    0x08003724   0x08003724   0x0000001c   Code   RO         3619    i.xTaskGetSchedulerState  tasks.o
    0x08003740   0x08003740   0x0000000c   Code   RO         3620    i.xTaskGetTickCount  tasks.o
    0x0800374c   0x0800374c   0x00000010   Code   RO         3621    i.xTaskGetTickCountFromISR  tasks.o
    0x0800375c   0x0800375c   0x000000c8   Code   RO         3622    i.xTaskIncrementTick  tasks.o
    0x08003824   0x08003824   0x000000c4   Code   RO         3628    i.xTaskResumeAll    tasks.o
    0x080038e8   0x080038e8   0x00000014   Data   RO          317    .constdata          freertos.o
    0x080038fc   0x080038fc   0x00000008   Data   RO         2536    .constdata          stm32f4xx_hal_dma.o
    0x08003904   0x08003904   0x00000010   Data   RO         3139    .constdata          system_stm32f4xx.o
    0x08003914   0x08003914   0x00000008   Data   RO         3140    .constdata          system_stm32f4xx.o
    0x0800391c   0x0800391c   0x00000028   Data   RO         4258    .constdata          track.o
    0x08003944   0x08003944   0x00000014   Data   RO         4336    .constdata          comm_can.o
    0x08003958   0x08003958   0x0000000c   Data   RO          318    .conststring        freertos.o
    0x08003964   0x08003964   0x00000020   Data   RO         4259    .conststring        track.o
    0x08003984   0x08003984   0x0000000b   Data   RO         4337    .conststring        comm_can.o
    0x0800398f   0x0800398f   0x00000001   PAD
    0x08003990   0x08003990   0x00000020   Data   RO         4446    Region$$Table       anon$$obj.o


    Execution Region RW_IRAM1 (Exec base: 0x20000000, Load base: 0x080039b0, Size: 0x00004398, Max: 0x00030000, ABSOLUTE)

    Exec Addr    Load Addr    Size         Type   Attr      Idx    E Section Name        Object

    0x20000000   0x080039b0   0x00000004   Data   RW          319    .data               freertos.o
    0x20000004   0x080039b4   0x0000000c   Data   RW         2981    .data               stm32f4xx_hal.o
    0x20000010   0x080039c0   0x00000004   Data   RW         3141    .data               system_stm32f4xx.o
    0x20000014   0x080039c4   0x00000018   Data   RW         3180    .data               heap_4.o
    0x2000002c   0x080039dc   0x0000000c   Data   RW         3252    .data               port.o
    0x20000038   0x080039e8   0x0000003c   Data   RW         3631    .data               tasks.o
    0x20000074   0x08003a24   0x00000058   Data   RW         4260    .data               track.o
    0x200000cc   0x08003a7c   0x00000010   Data   RW         4338    .data               comm_can.o
    0x200000dc        -       0x00000080   Zero   RW          240    .bss                can.o
    0x2000015c        -       0x000000a0   Zero   RW          377    .bss                usart.o
    0x200001fc        -       0x0000003c   Zero   RW          543    .bss                stm32f4xx_hal_timebase_tim.o
    0x20000238        -       0x00003c00   Zero   RW         3179    .bss                heap_4.o
    0x20003e38        -       0x000000f0   Zero   RW         3630    .bss                tasks.o
    0x20003f28        -       0x00000050   Zero   RW         4257    .bss                track.o
    0x20003f78        -       0x0000001c   Zero   RW         4335    .bss                comm_can.o
    0x20003f94   0x08003a8c   0x00000004   PAD
    0x20003f98        -       0x00000400   Zero   RW            1    STACK               startup_stm32f427xx.o


==============================================================================

Image component sizes


      Code (inc. data)   RO Data    RW Data    ZI Data      Debug   Object Name

       348         62          0          0        128       2437   can.o
       142          0          0          0          0      16605   cmsis_os.o
       116         24         31         16         28       1950   comm_can.o
        44          4          0          0          0        754   dma.o
         0          0          0          0          0       8052   event_groups.o
        60         10         32          4          0       1742   freertos.o
       240         16          0          0          0       1055   gpio.o
       460         24          0         24      15360       8815   heap_4.o
       136          0          0          0          0       3546   list.o
       238         24          0          0          0     761757   main.o
       152          6          0          0          0       1059   motor.o
        54          0          0          0          0        811   pid.o
       758         84          0         12          0      11905   port.o
        36          8        428          0       1024        836   startup_stm32f427xx.o
        80         14          0         12          0       3258   stm32f4xx_hal.o
      1698          6          0          0          0      15360   stm32f4xx_hal_can.o
       218         14          0          0          0      31041   stm32f4xx_hal_cortex.o
       948         16          8          0          0       6482   stm32f4xx_hal_dma.o
       470         52          0          0          0       2440   stm32f4xx_hal_gpio.o
       148          6          0          0          0        922   stm32f4xx_hal_msp.o
      1340         96          0          0          0       6293   stm32f4xx_hal_rcc.o
       638         44          0          0          0       7054   stm32f4xx_hal_tim.o
         4          0          0          0          0       1610   stm32f4xx_hal_tim_ex.o
       116         16          0          0         60       1452   stm32f4xx_hal_timebase_tim.o
      1942         28          0          0          0      12814   stm32f4xx_hal_uart.o
        78         30          0          0          0       5955   stm32f4xx_it.o
        84         18         24          4          0       1159   system_stm32f4xx.o
      1460        132          0         60        240      17274   tasks.o
       672        100         72         88         80      10199   track.o
       248         60          0          0        160       1761   usart.o

    ----------------------------------------------------------------------
     12956        894        628        220      17084     946398   Object Totals
         0          0         32          0          0          0   (incl. Generated)
        28          0          1          0          4          0   (incl. Padding)

    ----------------------------------------------------------------------

      Code (inc. data)   RO Data    RW Data    ZI Data      Debug   Library Member Name

         0          0          0          0          0          0   entry.o
         0          0          0          0          0          0   entry10a.o
         0          0          0          0          0          0   entry11a.o
         8          4          0          0          0          0   entry2.o
         4          0          0          0          0          0   entry5.o
         0          0          0          0          0          0   entry7b.o
         0          0          0          0          0          0   entry8b.o
         8          4          0          0          0          0   entry9a.o
        30          0          0          0          0          0   handlers.o
        36          8          0          0          0         68   init.o
         0          0          0          0          0          0   iusefp.o
        30          0          0          0          0         68   llshl.o
        32          0          0          0          0         68   llushr.o
        36          0          0          0          0         68   memcpya.o
        98          0          0          0          0         92   uldiv.o
        56          0          0          0          0         88   d2f.o
       222          0          0          0          0        100   ddiv.o
       186          0          0          0          0        176   depilogue.o
        62          0          0          0          0         80   dfixi.o
        34          0          0          0          0         76   dflti.o
       228          0          0          0          0         96   dmul.o
       110          0          0          0          0        168   fepilogue.o

    ----------------------------------------------------------------------
      1184         16          0          0          0       1148   Library Totals
         4          0          0          0          0          0   (incl. Padding)

    ----------------------------------------------------------------------

      Code (inc. data)   RO Data    RW Data    ZI Data      Debug   Library Name

       282         16          0          0          0        364   mc_w.l
       898          0          0          0          0        784   mf_w.l

    ----------------------------------------------------------------------
      1184         16          0          0          0       1148   Library Totals

    ----------------------------------------------------------------------

==============================================================================


      Code (inc. data)   RO Data    RW Data    ZI Data      Debug   

     14140        910        628        220      17084     932430   Grand Totals
     14140        910        628        220      17084     932430   ELF Image Totals
     14140        910        628        220          0          0   ROM Totals

==============================================================================

    Total RO  Size (Code + RO Data)                14768 (  14.42kB)
    Total RW  Size (RW Data + ZI Data)             17304 (  16.90kB)
    Total ROM Size (Code + RO Data + RW Data)      14988 (  14.64kB)

==============================================================================

